18:58:48 **** Incremental Build of configuration Debug for project motor_test ****
make pre-build main-build 
a9-linaro-pre-build-step
' '
make: Nothing to be done for `main-build'.
19:02:22 **** Auto Build of configuration Debug for project motor_test ****
make pre-build main-build 
a9-linaro-pre-build-step
' '
make: Nothing to be done for `main-build'.
19:02:44 **** Auto Build of configuration Debug for project motor_test ****
make pre-build main-build 
a9-linaro-pre-build-step
' '
make: Nothing to be done for `main-build'.
19:03:18 **** Auto Build of configuration Debug for project motor_test ****
make pre-build main-build 
a9-linaro-pre-build-step
' '
make: Nothing to be done for `main-build'.
19:03:21 **** Auto Build of configuration Debug for project motor_test ****
make pre-build main-build 
a9-linaro-pre-build-step
' '
make: Nothing to be done for `main-build'.
19:03:27 **** Auto Build of configuration Debug for project motor_test ****
make pre-build main-build 
a9-linaro-pre-build-step
' '
make: Nothing to be done for `main-build'.
19:03:31 **** Auto Build of configuration Debug for project motor_test ****
make pre-build main-build 
a9-linaro-pre-build-step
' '
make: Nothing to be done for `main-build'.
19:03:34 **** Auto Build of configuration Debug for project motor_test ****
make pre-build main-build 
a9-linaro-pre-build-step
' '
make: Nothing to be done for `main-build'.
19:04:48 **** Auto Build of configuration Debug for project motor_test ****
make pre-build main-build 
a9-linaro-pre-build-step
' '
make: Nothing to be done for `main-build'.
19:06:51 **** Auto Build of configuration Debug for project motor_test ****
make pre-build main-build 
a9-linaro-pre-build-step
' '
make: Nothing to be done for `main-build'.
19:07:14 **** Auto Build of configuration Debug for project motor_test ****
make pre-build main-build 
a9-linaro-pre-build-step
' '
make: Nothing to be done for `main-build'.
19:07:41 **** Auto Build of configuration Debug for project motor_test ****
make pre-build main-build 
a9-linaro-pre-build-step
' '
make: Nothing to be done for `main-build'.
19:08:03 **** Auto Build of configuration Debug for project motor_test ****
make pre-build main-build 
a9-linaro-pre-build-step
' '
make: Nothing to be done for `main-build'.
19:09:12 **** Auto Build of configuration Debug for project motor_test ****
make pre-build main-build 
a9-linaro-pre-build-step
' '
make: Nothing to be done for `main-build'.
19:09:44 **** Auto Build of configuration Debug for project motor_test ****
make pre-build main-build 
a9-linaro-pre-build-step
' '
make: Nothing to be done for `main-build'.
19:10:41 **** Auto Build of configuration Debug for project motor_test ****
make pre-build main-build 
a9-linaro-pre-build-step
' '
make: Nothing to be done for `main-build'.
19:10:52 **** Auto Build of configuration Debug for project motor_test ****
make pre-build main-build 
a9-linaro-pre-build-step
' '
make: Nothing to be done for `main-build'.
19:11:28 **** Auto Build of configuration Debug for project motor_test ****
make pre-build main-build 
a9-linaro-pre-build-step
' '
make: Nothing to be done for `main-build'.
19:11:32 **** Auto Build of configuration Debug for project motor_test ****
make pre-build main-build 
a9-linaro-pre-build-step
' '
make: Nothing to be done for `main-build'.
19:11:34 **** Auto Build of configuration Debug for project motor_test ****
make pre-build main-build 
a9-linaro-pre-build-step
' '
make: Nothing to be done for `main-build'.
19:11:49 **** Auto Build of configuration Debug for project motor_test ****
make pre-build main-build 
a9-linaro-pre-build-step
' '
'Building file: ../src/test.c'
'Invoking: ARM v7 gcc compiler'
arm-none-eabi-gcc -Wall -O0 -g3 -c -fmessage-length=0 -MT"src/test.o" -mcpu=cortex-a9 -mfpu=vfpv3 -mfloat-abi=hard -I../../motor_test_bsp/ps7_cortexa9_0/include -MMD -MP -MF"src/test.d" -MT"src/test.o" -o "src/test.o" "../src/test.c"
In file included from ../src/test.c:25:0:
../src/MotorDriver/MotorDriver.h:16:18: error: expected declaration specifiers or '...' before 'DriveDirection'
 bool  DriveMotor(DriveDirection direction, uint32_t DriveSpeed);
                  ^~~~~~~~~~~~~~
../src/test.c: In function 'TmrCtrPwmExample':
../src/test.c:111:6: warning: variable 'Div' set but not used [-Wunused-but-set-variable]
  u8  Div;
      ^~~
make: *** [src/test.o] Error 1
19:13:54 **** Auto Build of configuration Debug for project motor_test ****
make pre-build main-build 
a9-linaro-pre-build-step
' '
'Building file: ../src/test.c'
'Invoking: ARM v7 gcc compiler'
arm-none-eabi-gcc -Wall -O0 -g3 -c -fmessage-length=0 -MT"src/test.o" -mcpu=cortex-a9 -mfpu=vfpv3 -mfloat-abi=hard -I../../motor_test_bsp/ps7_cortexa9_0/include -MMD -MP -MF"src/test.d" -MT"src/test.o" -o "src/test.o" "../src/test.c"
../src/test.c: In function 'TmrCtrPwmExample':
../src/test.c:111:6: warning: variable 'Div' set but not used [-Wunused-but-set-variable]
  u8  Div;
      ^~~
'Finished building: ../src/test.c'
' '
'Building target: motor_test.elf'
'Invoking: ARM v7 gcc linker'
arm-none-eabi-gcc -mcpu=cortex-a9 -mfpu=vfpv3 -mfloat-abi=hard -Wl,-build-id=none -specs=Xilinx.spec -Wl,-T -Wl,../src/lscript.ld -L../../motor_test_bsp/ps7_cortexa9_0/lib -o "motor_test.elf"  ./src/test.o   -Wl,--start-group,-lxil,-lgcc,-lc,--end-group
'Finished building target: motor_test.elf'
' '
'Invoking: ARM v7 Print Size'
arm-none-eabi-size motor_test.elf  |tee "motor_test.elf.size"
   text	   data	    bss	    dec	    hex	filename
  25636	   1168	  22632	  49436	   c11c	motor_test.elf
'Finished building: motor_test.elf.size'
' '
19:14:29 **** Auto Build of configuration Debug for project motor_test ****
make pre-build main-build 
a9-linaro-pre-build-step
' '
'Building file: ../src/test.c'
'Invoking: ARM v7 gcc compiler'
arm-none-eabi-gcc -Wall -O0 -g3 -c -fmessage-length=0 -MT"src/test.o" -mcpu=cortex-a9 -mfpu=vfpv3 -mfloat-abi=hard -I../../motor_test_bsp/ps7_cortexa9_0/include -MMD -MP -MF"src/test.d" -MT"src/test.o" -o "src/test.o" "../src/test.c"
../src/test.c: In function 'TmrCtrPwmExample':
../src/test.c:111:6: warning: variable 'Div' set but not used [-Wunused-but-set-variable]
  u8  Div;
      ^~~
'Finished building: ../src/test.c'
' '
'Building target: motor_test.elf'
'Invoking: ARM v7 gcc linker'
arm-none-eabi-gcc -mcpu=cortex-a9 -mfpu=vfpv3 -mfloat-abi=hard -Wl,-build-id=none -specs=Xilinx.spec -Wl,-T -Wl,../src/lscript.ld -L../../motor_test_bsp/ps7_cortexa9_0/lib -o "motor_test.elf"  ./src/test.o   -Wl,--start-group,-lxil,-lgcc,-lc,--end-group
'Finished building target: motor_test.elf'
' '
'Invoking: ARM v7 Print Size'
arm-none-eabi-size motor_test.elf  |tee "motor_test.elf.size"
   text	   data	    bss	    dec	    hex	filename
  25636	   1168	  22632	  49436	   c11c	motor_test.elf
'Finished building: motor_test.elf.size'
' '
19:14:46 **** Auto Build of configuration Debug for project motor_test ****
make pre-build main-build 
a9-linaro-pre-build-step
' '
'Building file: ../src/MotorDriver/MotorDriver.c'
'Invoking: ARM v7 gcc compiler'
arm-none-eabi-gcc -Wall -O0 -g3 -c -fmessage-length=0 -MT"src/MotorDriver/MotorDriver.o" -mcpu=cortex-a9 -mfpu=vfpv3 -mfloat-abi=hard -I../../motor_test_bsp/ps7_cortexa9_0/include -MMD -MP -MF"src/MotorDriver/MotorDriver.d" -MT"src/MotorDriver/MotorDriver.o" -o "src/MotorDriver/MotorDriver.o" "../src/MotorDriver/MotorDriver.c"
'Finished building: ../src/MotorDriver/MotorDriver.c'
' '
'Building target: motor_test.elf'
'Invoking: ARM v7 gcc linker'
arm-none-eabi-gcc -mcpu=cortex-a9 -mfpu=vfpv3 -mfloat-abi=hard -Wl,-build-id=none -specs=Xilinx.spec -Wl,-T -Wl,../src/lscript.ld -L../../motor_test_bsp/ps7_cortexa9_0/lib -o "motor_test.elf"  ./src/MotorDriver/MotorDriver.o  ./src/test.o   -Wl,--start-group,-lxil,-lgcc,-lc,--end-group
'Finished building target: motor_test.elf'
' '
'Invoking: ARM v7 Print Size'
arm-none-eabi-size motor_test.elf  |tee "motor_test.elf.size"
   text	   data	    bss	    dec	    hex	filename
  25636	   1168	  22632	  49436	   c11c	motor_test.elf
'Finished building: motor_test.elf.size'
' '
19:15:09 **** Auto Build of configuration Debug for project motor_test ****
make pre-build main-build 
a9-linaro-pre-build-step
' '
'Building file: ../src/MotorDriver/MotorDriver.c'
'Invoking: ARM v7 gcc compiler'
arm-none-eabi-gcc -Wall -O0 -g3 -c -fmessage-length=0 -MT"src/MotorDriver/MotorDriver.o" -mcpu=cortex-a9 -mfpu=vfpv3 -mfloat-abi=hard -I../../motor_test_bsp/ps7_cortexa9_0/include -MMD -MP -MF"src/MotorDriver/MotorDriver.d" -MT"src/MotorDriver/MotorDriver.o" -o "src/MotorDriver/MotorDriver.o" "../src/MotorDriver/MotorDriver.c"
'Finished building: ../src/MotorDriver/MotorDriver.c'
' '
'Building target: motor_test.elf'
'Invoking: ARM v7 gcc linker'
arm-none-eabi-gcc -mcpu=cortex-a9 -mfpu=vfpv3 -mfloat-abi=hard -Wl,-build-id=none -specs=Xilinx.spec -Wl,-T -Wl,../src/lscript.ld -L../../motor_test_bsp/ps7_cortexa9_0/lib -o "motor_test.elf"  ./src/MotorDriver/MotorDriver.o  ./src/test.o   -Wl,--start-group,-lxil,-lgcc,-lc,--end-group
'Finished building target: motor_test.elf'
' '
'Invoking: ARM v7 Print Size'
arm-none-eabi-size motor_test.elf  |tee "motor_test.elf.size"
   text	   data	    bss	    dec	    hex	filename
  25636	   1168	  22632	  49436	   c11c	motor_test.elf
'Finished building: motor_test.elf.size'
' '
19:15:10 **** Auto Build of configuration Debug for project motor_test ****
make pre-build main-build 
a9-linaro-pre-build-step
' '
'Building file: ../src/MotorDriver/MotorDriver.c'
'Invoking: ARM v7 gcc compiler'
arm-none-eabi-gcc -Wall -O0 -g3 -c -fmessage-length=0 -MT"src/MotorDriver/MotorDriver.o" -mcpu=cortex-a9 -mfpu=vfpv3 -mfloat-abi=hard -I../../motor_test_bsp/ps7_cortexa9_0/include -MMD -MP -MF"src/MotorDriver/MotorDriver.d" -MT"src/MotorDriver/MotorDriver.o" -o "src/MotorDriver/MotorDriver.o" "../src/MotorDriver/MotorDriver.c"
'Finished building: ../src/MotorDriver/MotorDriver.c'
' '
'Building target: motor_test.elf'
'Invoking: ARM v7 gcc linker'
arm-none-eabi-gcc -mcpu=cortex-a9 -mfpu=vfpv3 -mfloat-abi=hard -Wl,-build-id=none -specs=Xilinx.spec -Wl,-T -Wl,../src/lscript.ld -L../../motor_test_bsp/ps7_cortexa9_0/lib -o "motor_test.elf"  ./src/MotorDriver/MotorDriver.o  ./src/test.o   -Wl,--start-group,-lxil,-lgcc,-lc,--end-group
'Finished building target: motor_test.elf'
' '
'Invoking: ARM v7 Print Size'
arm-none-eabi-size motor_test.elf  |tee "motor_test.elf.size"
   text	   data	    bss	    dec	    hex	filename
  25636	   1168	  22632	  49436	   c11c	motor_test.elf
'Finished building: motor_test.elf.size'
' '
19:15:25 **** Auto Build of configuration Debug for project motor_test ****
make pre-build main-build 
a9-linaro-pre-build-step
' '
'Building file: ../src/MotorDriver/MotorDriver.c'
'Invoking: ARM v7 gcc compiler'
arm-none-eabi-gcc -Wall -O0 -g3 -c -fmessage-length=0 -MT"src/MotorDriver/MotorDriver.o" -mcpu=cortex-a9 -mfpu=vfpv3 -mfloat-abi=hard -I../../motor_test_bsp/ps7_cortexa9_0/include -MMD -MP -MF"src/MotorDriver/MotorDriver.d" -MT"src/MotorDriver/MotorDriver.o" -o "src/MotorDriver/MotorDriver.o" "../src/MotorDriver/MotorDriver.c"
../src/MotorDriver/MotorDriver.c:10:6: error: conflicting types for 'InitializeMotorDriver'
 void InitializeMotorDriver() {
      ^~~~~~~~~~~~~~~~~~~~~
In file included from ../src/MotorDriver/MotorDriver.c:8:0:
../src/MotorDriver/MotorDriver.h:15:9: note: previous declaration of 'InitializeMotorDriver' was here
 bool    InitializeMotorDriver();
         ^~~~~~~~~~~~~~~~~~~~~
make: *** [src/MotorDriver/MotorDriver.o] Error 1
19:15:28 **** Auto Build of configuration Debug for project motor_test ****
make pre-build main-build 
a9-linaro-pre-build-step
' '
'Building file: ../src/MotorDriver/MotorDriver.c'
'Invoking: ARM v7 gcc compiler'
arm-none-eabi-gcc -Wall -O0 -g3 -c -fmessage-length=0 -MT"src/MotorDriver/MotorDriver.o" -mcpu=cortex-a9 -mfpu=vfpv3 -mfloat-abi=hard -I../../motor_test_bsp/ps7_cortexa9_0/include -MMD -MP -MF"src/MotorDriver/MotorDriver.d" -MT"src/MotorDriver/MotorDriver.o" -o "src/MotorDriver/MotorDriver.o" "../src/MotorDriver/MotorDriver.c"
../src/MotorDriver/MotorDriver.c: In function 'InitializeMotorDriver':
../src/MotorDriver/MotorDriver.c:12:1: warning: control reaches end of non-void function [-Wreturn-type]
 }
 ^
'Finished building: ../src/MotorDriver/MotorDriver.c'
' '
'Building target: motor_test.elf'
'Invoking: ARM v7 gcc linker'
arm-none-eabi-gcc -mcpu=cortex-a9 -mfpu=vfpv3 -mfloat-abi=hard -Wl,-build-id=none -specs=Xilinx.spec -Wl,-T -Wl,../src/lscript.ld -L../../motor_test_bsp/ps7_cortexa9_0/lib -o "motor_test.elf"  ./src/MotorDriver/MotorDriver.o  ./src/test.o   -Wl,--start-group,-lxil,-lgcc,-lc,--end-group
'Finished building target: motor_test.elf'
' '
'Invoking: ARM v7 Print Size'
arm-none-eabi-size motor_test.elf  |tee "motor_test.elf.size"
   text	   data	    bss	    dec	    hex	filename
  25636	   1168	  22632	  49436	   c11c	motor_test.elf
'Finished building: motor_test.elf.size'
' '
19:15:47 **** Auto Build of configuration Debug for project motor_test ****
make pre-build main-build 
a9-linaro-pre-build-step
' '
'Building file: ../src/MotorDriver/MotorDriver.c'
'Invoking: ARM v7 gcc compiler'
arm-none-eabi-gcc -Wall -O0 -g3 -c -fmessage-length=0 -MT"src/MotorDriver/MotorDriver.o" -mcpu=cortex-a9 -mfpu=vfpv3 -mfloat-abi=hard -I../../motor_test_bsp/ps7_cortexa9_0/include -MMD -MP -MF"src/MotorDriver/MotorDriver.d" -MT"src/MotorDriver/MotorDriver.o" -o "src/MotorDriver/MotorDriver.o" "../src/MotorDriver/MotorDriver.c"
In file included from ../src/MotorDriver/MotorDriver.c:8:0:
../src/MotorDriver/MotorDriver.h:16:20: error: unknown type name 'MotorDirection'; did you mean 'DriveDirection'?
 bool    DriveMotor(MotorDirection direction, double DriveSpeed);
                    ^~~~~~~~~~~~~~
                    DriveDirection
../src/MotorDriver/MotorDriver.c: In function 'InitializeMotorDriver':
../src/MotorDriver/MotorDriver.c:12:1: warning: control reaches end of non-void function [-Wreturn-type]
 }
 ^
make: *** [src/MotorDriver/MotorDriver.o] Error 1
19:15:57 **** Auto Build of configuration Debug for project motor_test ****
make pre-build main-build 
a9-linaro-pre-build-step
' '
'Building file: ../src/MotorDriver/MotorDriver.c'
'Invoking: ARM v7 gcc compiler'
arm-none-eabi-gcc -Wall -O0 -g3 -c -fmessage-length=0 -MT"src/MotorDriver/MotorDriver.o" -mcpu=cortex-a9 -mfpu=vfpv3 -mfloat-abi=hard -I../../motor_test_bsp/ps7_cortexa9_0/include -MMD -MP -MF"src/MotorDriver/MotorDriver.d" -MT"src/MotorDriver/MotorDriver.o" -o "src/MotorDriver/MotorDriver.o" "../src/MotorDriver/MotorDriver.c"
../src/MotorDriver/MotorDriver.c: In function 'InitializeMotorDriver':
../src/MotorDriver/MotorDriver.c:12:1: warning: control reaches end of non-void function [-Wreturn-type]
 }
 ^
'Finished building: ../src/MotorDriver/MotorDriver.c'
' '
'Building file: ../src/test.c'
'Invoking: ARM v7 gcc compiler'
arm-none-eabi-gcc -Wall -O0 -g3 -c -fmessage-length=0 -MT"src/test.o" -mcpu=cortex-a9 -mfpu=vfpv3 -mfloat-abi=hard -I../../motor_test_bsp/ps7_cortexa9_0/include -MMD -MP -MF"src/test.d" -MT"src/test.o" -o "src/test.o" "../src/test.c"
../src/test.c: In function 'TmrCtrPwmExample':
../src/test.c:111:6: warning: variable 'Div' set but not used [-Wunused-but-set-variable]
  u8  Div;
      ^~~
'Finished building: ../src/test.c'
' '
'Building target: motor_test.elf'
'Invoking: ARM v7 gcc linker'
arm-none-eabi-gcc -mcpu=cortex-a9 -mfpu=vfpv3 -mfloat-abi=hard -Wl,-build-id=none -specs=Xilinx.spec -Wl,-T -Wl,../src/lscript.ld -L../../motor_test_bsp/ps7_cortexa9_0/lib -o "motor_test.elf"  ./src/MotorDriver/MotorDriver.o  ./src/test.o   -Wl,--start-group,-lxil,-lgcc,-lc,--end-group
'Finished building target: motor_test.elf'
' '
'Invoking: ARM v7 Print Size'
arm-none-eabi-size motor_test.elf  |tee "motor_test.elf.size"
   text	   data	    bss	    dec	    hex	filename
  25636	   1168	  22632	  49436	   c11c	motor_test.elf
'Finished building: motor_test.elf.size'
' '
19:16:10 **** Auto Build of configuration Debug for project motor_test ****
make pre-build main-build 
a9-linaro-pre-build-step
' '
'Building file: ../src/MotorDriver/MotorDriver.c'
'Invoking: ARM v7 gcc compiler'
arm-none-eabi-gcc -Wall -O0 -g3 -c -fmessage-length=0 -MT"src/MotorDriver/MotorDriver.o" -mcpu=cortex-a9 -mfpu=vfpv3 -mfloat-abi=hard -I../../motor_test_bsp/ps7_cortexa9_0/include -MMD -MP -MF"src/MotorDriver/MotorDriver.d" -MT"src/MotorDriver/MotorDriver.o" -o "src/MotorDriver/MotorDriver.o" "../src/MotorDriver/MotorDriver.c"
../src/MotorDriver/MotorDriver.c:14:17: error: unknown type name 'MotorDirectionr'; did you mean 'MotorDirection'?
 bool DriveMotor(MotorDirectionr direction, double speed) {
                 ^~~~~~~~~~~~~~~
                 MotorDirection
../src/MotorDriver/MotorDriver.c: In function 'InitializeMotorDriver':
../src/MotorDriver/MotorDriver.c:12:1: warning: control reaches end of non-void function [-Wreturn-type]
 }
 ^
make: *** [src/MotorDriver/MotorDriver.o] Error 1
19:16:15 **** Auto Build of configuration Debug for project motor_test ****
make pre-build main-build 
a9-linaro-pre-build-step
' '
'Building file: ../src/MotorDriver/MotorDriver.c'
'Invoking: ARM v7 gcc compiler'
arm-none-eabi-gcc -Wall -O0 -g3 -c -fmessage-length=0 -MT"src/MotorDriver/MotorDriver.o" -mcpu=cortex-a9 -mfpu=vfpv3 -mfloat-abi=hard -I../../motor_test_bsp/ps7_cortexa9_0/include -MMD -MP -MF"src/MotorDriver/MotorDriver.d" -MT"src/MotorDriver/MotorDriver.o" -o "src/MotorDriver/MotorDriver.o" "../src/MotorDriver/MotorDriver.c"
../src/MotorDriver/MotorDriver.c:14:17: error: unknown type name 'MotorDirectionr'; did you mean 'MotorDirection'?
 bool DriveMotor(MotorDirectionr direction, double speed) {
                 ^~~~~~~~~~~~~~~
                 MotorDirection
../src/MotorDriver/MotorDriver.c: In function 'InitializeMotorDriver':
../src/MotorDriver/MotorDriver.c:12:1: warning: control reaches end of non-void function [-Wreturn-type]
 }
 ^
make: *** [src/MotorDriver/MotorDriver.o] Error 1
19:16:20 **** Auto Build of configuration Debug for project motor_test ****
make pre-build main-build 
a9-linaro-pre-build-step
' '
'Building file: ../src/MotorDriver/MotorDriver.c'
'Invoking: ARM v7 gcc compiler'
arm-none-eabi-gcc -Wall -O0 -g3 -c -fmessage-length=0 -MT"src/MotorDriver/MotorDriver.o" -mcpu=cortex-a9 -mfpu=vfpv3 -mfloat-abi=hard -I../../motor_test_bsp/ps7_cortexa9_0/include -MMD -MP -MF"src/MotorDriver/MotorDriver.d" -MT"src/MotorDriver/MotorDriver.o" -o "src/MotorDriver/MotorDriver.o" "../src/MotorDriver/MotorDriver.c"
../src/MotorDriver/MotorDriver.c:14:17: error: unknown type name 'MotorDirectionr'; did you mean 'MotorDirection'?
 bool DriveMotor(MotorDirectionr direction, double driveSpeed) {
                 ^~~~~~~~~~~~~~~
                 MotorDirection
../src/MotorDriver/MotorDriver.c: In function 'InitializeMotorDriver':
../src/MotorDriver/MotorDriver.c:12:1: warning: control reaches end of non-void function [-Wreturn-type]
 }
 ^
make: *** [src/MotorDriver/MotorDriver.o] Error 1
19:16:28 **** Auto Build of configuration Debug for project motor_test ****
make pre-build main-build 
a9-linaro-pre-build-step
' '
'Building file: ../src/MotorDriver/MotorDriver.c'
'Invoking: ARM v7 gcc compiler'
arm-none-eabi-gcc -Wall -O0 -g3 -c -fmessage-length=0 -MT"src/MotorDriver/MotorDriver.o" -mcpu=cortex-a9 -mfpu=vfpv3 -mfloat-abi=hard -I../../motor_test_bsp/ps7_cortexa9_0/include -MMD -MP -MF"src/MotorDriver/MotorDriver.d" -MT"src/MotorDriver/MotorDriver.o" -o "src/MotorDriver/MotorDriver.o" "../src/MotorDriver/MotorDriver.c"
../src/MotorDriver/MotorDriver.c: In function 'InitializeMotorDriver':
../src/MotorDriver/MotorDriver.c:12:1: warning: control reaches end of non-void function [-Wreturn-type]
 }
 ^
../src/MotorDriver/MotorDriver.c: In function 'DriveMotor':
../src/MotorDriver/MotorDriver.c:16:1: warning: control reaches end of non-void function [-Wreturn-type]
 }
 ^
'Finished building: ../src/MotorDriver/MotorDriver.c'
' '
'Building file: ../src/test.c'
'Invoking: ARM v7 gcc compiler'
arm-none-eabi-gcc -Wall -O0 -g3 -c -fmessage-length=0 -MT"src/test.o" -mcpu=cortex-a9 -mfpu=vfpv3 -mfloat-abi=hard -I../../motor_test_bsp/ps7_cortexa9_0/include -MMD -MP -MF"src/test.d" -MT"src/test.o" -o "src/test.o" "../src/test.c"
../src/test.c: In function 'TmrCtrPwmExample':
../src/test.c:111:6: warning: variable 'Div' set but not used [-Wunused-but-set-variable]
  u8  Div;
      ^~~
'Finished building: ../src/test.c'
' '
'Building target: motor_test.elf'
'Invoking: ARM v7 gcc linker'
arm-none-eabi-gcc -mcpu=cortex-a9 -mfpu=vfpv3 -mfloat-abi=hard -Wl,-build-id=none -specs=Xilinx.spec -Wl,-T -Wl,../src/lscript.ld -L../../motor_test_bsp/ps7_cortexa9_0/lib -o "motor_test.elf"  ./src/MotorDriver/MotorDriver.o  ./src/test.o   -Wl,--start-group,-lxil,-lgcc,-lc,--end-group
'Finished building target: motor_test.elf'
' '
'Invoking: ARM v7 Print Size'
arm-none-eabi-size motor_test.elf  |tee "motor_test.elf.size"
   text	   data	    bss	    dec	    hex	filename
  25700	   1168	  22632	  49500	   c15c	motor_test.elf
'Finished building: motor_test.elf.size'
' '
19:16:55 **** Auto Build of configuration Debug for project motor_test ****
make pre-build main-build 
a9-linaro-pre-build-step
' '
'Building file: ../src/MotorDriver/MotorDriver.c'
'Invoking: ARM v7 gcc compiler'
arm-none-eabi-gcc -Wall -O0 -g3 -c -fmessage-length=0 -MT"src/MotorDriver/MotorDriver.o" -mcpu=cortex-a9 -mfpu=vfpv3 -mfloat-abi=hard -I../../motor_test_bsp/ps7_cortexa9_0/include -MMD -MP -MF"src/MotorDriver/MotorDriver.d" -MT"src/MotorDriver/MotorDriver.o" -o "src/MotorDriver/MotorDriver.o" "../src/MotorDriver/MotorDriver.c"
../src/MotorDriver/MotorDriver.c: In function 'InitializeMotorDriver':
../src/MotorDriver/MotorDriver.c:15:2: error: 'Status' undeclared (first use in this function)
  Status = XTmrCtr_Initialize(TmrCtrInstancePtr, DeviceId);
  ^~~~~~
../src/MotorDriver/MotorDriver.c:15:2: note: each undeclared identifier is reported only once for each function it appears in
../src/MotorDriver/MotorDriver.c:15:11: warning: implicit declaration of function 'XTmrCtr_Initialize' [-Wimplicit-function-declaration]
  Status = XTmrCtr_Initialize(TmrCtrInstancePtr, DeviceId);
           ^~~~~~~~~~~~~~~~~~
../src/MotorDriver/MotorDriver.c:15:30: error: 'TmrCtrInstancePtr' undeclared (first use in this function)
  Status = XTmrCtr_Initialize(TmrCtrInstancePtr, DeviceId);
                              ^~~~~~~~~~~~~~~~~
../src/MotorDriver/MotorDriver.c:15:49: error: 'DeviceId' undeclared (first use in this function)
  Status = XTmrCtr_Initialize(TmrCtrInstancePtr, DeviceId);
                                                 ^~~~~~~~
../src/MotorDriver/MotorDriver.c:16:16: error: 'XST_SUCCESS' undeclared (first use in this function)
  if (Status != XST_SUCCESS)
                ^~~~~~~~~~~
../src/MotorDriver/MotorDriver.c:18:10: error: 'XST_FAILURE' undeclared (first use in this function)
   return XST_FAILURE;
          ^~~~~~~~~~~
../src/MotorDriver/MotorDriver.c:25:11: warning: implicit declaration of function 'XTmrCtr_SelfTest' [-Wimplicit-function-declaration]
  Status = XTmrCtr_SelfTest(TmrCtrInstancePtr, TMRCTR_0);
           ^~~~~~~~~~~~~~~~
../src/MotorDriver/MotorDriver.c:25:47: error: 'TMRCTR_0' undeclared (first use in this function)
  Status = XTmrCtr_SelfTest(TmrCtrInstancePtr, TMRCTR_0);
                                               ^~~~~~~~
../src/MotorDriver/MotorDriver.c:30:1: warning: control reaches end of non-void function [-Wreturn-type]
 }
 ^
../src/MotorDriver/MotorDriver.c: In function 'DriveMotor':
../src/MotorDriver/MotorDriver.c:34:1: warning: control reaches end of non-void function [-Wreturn-type]
 }
 ^
make: *** [src/MotorDriver/MotorDriver.o] Error 1
19:17:18 **** Auto Build of configuration Debug for project motor_test ****
make pre-build main-build 
a9-linaro-pre-build-step
' '
'Building file: ../src/MotorDriver/MotorDriver.c'
'Invoking: ARM v7 gcc compiler'
arm-none-eabi-gcc -Wall -O0 -g3 -c -fmessage-length=0 -MT"src/MotorDriver/MotorDriver.o" -mcpu=cortex-a9 -mfpu=vfpv3 -mfloat-abi=hard -I../../motor_test_bsp/ps7_cortexa9_0/include -MMD -MP -MF"src/MotorDriver/MotorDriver.d" -MT"src/MotorDriver/MotorDriver.o" -o "src/MotorDriver/MotorDriver.o" "../src/MotorDriver/MotorDriver.c"
../src/MotorDriver/MotorDriver.c: In function 'InitializeMotorDriver':
../src/MotorDriver/MotorDriver.c:17:2: error: 'Status' undeclared (first use in this function); did you mean 'XStatus'?
  Status = XTmrCtr_Initialize(TmrCtrInstancePtr, DeviceId);
  ^~~~~~
  XStatus
../src/MotorDriver/MotorDriver.c:17:2: note: each undeclared identifier is reported only once for each function it appears in
../src/MotorDriver/MotorDriver.c:17:30: error: 'TmrCtrInstancePtr' undeclared (first use in this function); did you mean 'XTmrCtr_SetHandler'?
  Status = XTmrCtr_Initialize(TmrCtrInstancePtr, DeviceId);
                              ^~~~~~~~~~~~~~~~~
                              XTmrCtr_SetHandler
../src/MotorDriver/MotorDriver.c:17:49: error: 'DeviceId' undeclared (first use in this function)
  Status = XTmrCtr_Initialize(TmrCtrInstancePtr, DeviceId);
                                                 ^~~~~~~~
../src/MotorDriver/MotorDriver.c:27:47: error: 'TMRCTR_0' undeclared (first use in this function); did you mean 'XTMRCTR_H'?
  Status = XTmrCtr_SelfTest(TmrCtrInstancePtr, TMRCTR_0);
                                               ^~~~~~~~
                                               XTMRCTR_H
../src/MotorDriver/MotorDriver.c:32:1: warning: control reaches end of non-void function [-Wreturn-type]
 }
 ^
../src/MotorDriver/MotorDriver.c: In function 'DriveMotor':
../src/MotorDriver/MotorDriver.c:36:1: warning: control reaches end of non-void function [-Wreturn-type]
 }
 ^
make: *** [src/MotorDriver/MotorDriver.o] Error 1
19:17:37 **** Auto Build of configuration Debug for project motor_test ****
make pre-build main-build 
a9-linaro-pre-build-step
' '
'Building file: ../src/MotorDriver/MotorDriver.c'
'Invoking: ARM v7 gcc compiler'
arm-none-eabi-gcc -Wall -O0 -g3 -c -fmessage-length=0 -MT"src/MotorDriver/MotorDriver.o" -mcpu=cortex-a9 -mfpu=vfpv3 -mfloat-abi=hard -I../../motor_test_bsp/ps7_cortexa9_0/include -MMD -MP -MF"src/MotorDriver/MotorDriver.d" -MT"src/MotorDriver/MotorDriver.o" -o "src/MotorDriver/MotorDriver.o" "../src/MotorDriver/MotorDriver.c"
../src/MotorDriver/MotorDriver.c: In function 'InitializeMotorDriver':
../src/MotorDriver/MotorDriver.c:20:2: error: 'Status' undeclared (first use in this function); did you mean 'XStatus'?
  Status = XTmrCtr_Initialize(TmrCtrInstancePtr, DeviceId);
  ^~~~~~
  XStatus
../src/MotorDriver/MotorDriver.c:20:2: note: each undeclared identifier is reported only once for each function it appears in
../src/MotorDriver/MotorDriver.c:20:30: error: 'TmrCtrInstancePtr' undeclared (first use in this function); did you mean 'XTmrCtr_SetHandler'?
  Status = XTmrCtr_Initialize(TmrCtrInstancePtr, DeviceId);
                              ^~~~~~~~~~~~~~~~~
                              XTmrCtr_SetHandler
../src/MotorDriver/MotorDriver.c:20:49: error: 'DeviceId' undeclared (first use in this function)
  Status = XTmrCtr_Initialize(TmrCtrInstancePtr, DeviceId);
                                                 ^~~~~~~~
../src/MotorDriver/MotorDriver.c:30:47: error: 'TMRCTR_0' undeclared (first use in this function); did you mean 'XTMRCTR_H'?
  Status = XTmrCtr_SelfTest(TmrCtrInstancePtr, TMRCTR_0);
                                               ^~~~~~~~
                                               XTMRCTR_H
../src/MotorDriver/MotorDriver.c:35:1: warning: control reaches end of non-void function [-Wreturn-type]
 }
 ^
../src/MotorDriver/MotorDriver.c: In function 'DriveMotor':
../src/MotorDriver/MotorDriver.c:39:1: warning: control reaches end of non-void function [-Wreturn-type]
 }
 ^
make: *** [src/MotorDriver/MotorDriver.o] Error 1
19:17:39 **** Auto Build of configuration Debug for project motor_test ****
make pre-build main-build 
a9-linaro-pre-build-step
' '
'Building file: ../src/MotorDriver/MotorDriver.c'
'Invoking: ARM v7 gcc compiler'
arm-none-eabi-gcc -Wall -O0 -g3 -c -fmessage-length=0 -MT"src/MotorDriver/MotorDriver.o" -mcpu=cortex-a9 -mfpu=vfpv3 -mfloat-abi=hard -I../../motor_test_bsp/ps7_cortexa9_0/include -MMD -MP -MF"src/MotorDriver/MotorDriver.d" -MT"src/MotorDriver/MotorDriver.o" -o "src/MotorDriver/MotorDriver.o" "../src/MotorDriver/MotorDriver.c"
../src/MotorDriver/MotorDriver.c: In function 'InitializeMotorDriver':
../src/MotorDriver/MotorDriver.c:19:2: error: 'Status' undeclared (first use in this function); did you mean 'XStatus'?
  Status = XTmrCtr_Initialize(TmrCtrInstancePtr, DeviceId);
  ^~~~~~
  XStatus
../src/MotorDriver/MotorDriver.c:19:2: note: each undeclared identifier is reported only once for each function it appears in
../src/MotorDriver/MotorDriver.c:19:30: error: 'TmrCtrInstancePtr' undeclared (first use in this function); did you mean 'XTmrCtr_SetHandler'?
  Status = XTmrCtr_Initialize(TmrCtrInstancePtr, DeviceId);
                              ^~~~~~~~~~~~~~~~~
                              XTmrCtr_SetHandler
../src/MotorDriver/MotorDriver.c:19:49: error: 'DeviceId' undeclared (first use in this function)
  Status = XTmrCtr_Initialize(TmrCtrInstancePtr, DeviceId);
                                                 ^~~~~~~~
../src/MotorDriver/MotorDriver.c:29:47: error: 'TMRCTR_0' undeclared (first use in this function); did you mean 'XTMRCTR_H'?
  Status = XTmrCtr_SelfTest(TmrCtrInstancePtr, TMRCTR_0);
                                               ^~~~~~~~
                                               XTMRCTR_H
../src/MotorDriver/MotorDriver.c:34:1: warning: control reaches end of non-void function [-Wreturn-type]
 }
 ^
../src/MotorDriver/MotorDriver.c: In function 'DriveMotor':
../src/MotorDriver/MotorDriver.c:38:1: warning: control reaches end of non-void function [-Wreturn-type]
 }
 ^
make: *** [src/MotorDriver/MotorDriver.o] Error 1
19:17:49 **** Auto Build of configuration Debug for project motor_test ****
make pre-build main-build 
a9-linaro-pre-build-step
' '
'Building file: ../src/MotorDriver/MotorDriver.c'
'Invoking: ARM v7 gcc compiler'
arm-none-eabi-gcc -Wall -O0 -g3 -c -fmessage-length=0 -MT"src/MotorDriver/MotorDriver.o" -mcpu=cortex-a9 -mfpu=vfpv3 -mfloat-abi=hard -I../../motor_test_bsp/ps7_cortexa9_0/include -MMD -MP -MF"src/MotorDriver/MotorDriver.d" -MT"src/MotorDriver/MotorDriver.o" -o "src/MotorDriver/MotorDriver.o" "../src/MotorDriver/MotorDriver.c"
../src/MotorDriver/MotorDriver.c: In function 'InitializeMotorDriver':
../src/MotorDriver/MotorDriver.c:21:30: error: 'TmrCtrInstancePtr' undeclared (first use in this function); did you mean 'XTmrCtr_SetHandler'?
  Status = XTmrCtr_Initialize(TmrCtrInstancePtr, DeviceId);
                              ^~~~~~~~~~~~~~~~~
                              XTmrCtr_SetHandler
../src/MotorDriver/MotorDriver.c:21:30: note: each undeclared identifier is reported only once for each function it appears in
../src/MotorDriver/MotorDriver.c:21:49: error: 'DeviceId' undeclared (first use in this function)
  Status = XTmrCtr_Initialize(TmrCtrInstancePtr, DeviceId);
                                                 ^~~~~~~~
../src/MotorDriver/MotorDriver.c:31:47: error: 'TMRCTR_0' undeclared (first use in this function); did you mean 'XTMRCTR_H'?
  Status = XTmrCtr_SelfTest(TmrCtrInstancePtr, TMRCTR_0);
                                               ^~~~~~~~
                                               XTMRCTR_H
../src/MotorDriver/MotorDriver.c:36:1: warning: control reaches end of non-void function [-Wreturn-type]
 }
 ^
../src/MotorDriver/MotorDriver.c: In function 'DriveMotor':
../src/MotorDriver/MotorDriver.c:40:1: warning: control reaches end of non-void function [-Wreturn-type]
 }
 ^
make: *** [src/MotorDriver/MotorDriver.o] Error 1
19:18:15 **** Auto Build of configuration Debug for project motor_test ****
make pre-build main-build 
a9-linaro-pre-build-step
' '
'Building file: ../src/MotorDriver/MotorDriver.c'
'Invoking: ARM v7 gcc compiler'
arm-none-eabi-gcc -Wall -O0 -g3 -c -fmessage-length=0 -MT"src/MotorDriver/MotorDriver.o" -mcpu=cortex-a9 -mfpu=vfpv3 -mfloat-abi=hard -I../../motor_test_bsp/ps7_cortexa9_0/include -MMD -MP -MF"src/MotorDriver/MotorDriver.d" -MT"src/MotorDriver/MotorDriver.o" -o "src/MotorDriver/MotorDriver.o" "../src/MotorDriver/MotorDriver.c"
../src/MotorDriver/MotorDriver.c: In function 'InitializeMotorDriver':
../src/MotorDriver/MotorDriver.c:21:49: error: 'DeviceId' undeclared (first use in this function)
  Status = XTmrCtr_Initialize(&TimerCounterInst, DeviceId);
                                                 ^~~~~~~~
../src/MotorDriver/MotorDriver.c:21:49: note: each undeclared identifier is reported only once for each function it appears in
../src/MotorDriver/MotorDriver.c:31:47: error: 'TMRCTR_0' undeclared (first use in this function); did you mean 'XTMRCTR_H'?
  Status = XTmrCtr_SelfTest(&TimerCounterInst, TMRCTR_0);
                                               ^~~~~~~~
                                               XTMRCTR_H
../src/MotorDriver/MotorDriver.c:36:1: warning: control reaches end of non-void function [-Wreturn-type]
 }
 ^
../src/MotorDriver/MotorDriver.c: In function 'DriveMotor':
../src/MotorDriver/MotorDriver.c:40:1: warning: control reaches end of non-void function [-Wreturn-type]
 }
 ^
make: *** [src/MotorDriver/MotorDriver.o] Error 1
19:19:11 **** Auto Build of configuration Debug for project motor_test ****
make pre-build main-build 
a9-linaro-pre-build-step
' '
'Building file: ../src/MotorDriver/MotorDriver.c'
'Invoking: ARM v7 gcc compiler'
arm-none-eabi-gcc -Wall -O0 -g3 -c -fmessage-length=0 -MT"src/MotorDriver/MotorDriver.o" -mcpu=cortex-a9 -mfpu=vfpv3 -mfloat-abi=hard -I../../motor_test_bsp/ps7_cortexa9_0/include -MMD -MP -MF"src/MotorDriver/MotorDriver.d" -MT"src/MotorDriver/MotorDriver.o" -o "src/MotorDriver/MotorDriver.o" "../src/MotorDriver/MotorDriver.c"
../src/MotorDriver/MotorDriver.c: In function 'InitializeMotorDriver':
../src/MotorDriver/MotorDriver.c:24:49: error: 'DeviceId' undeclared (first use in this function)
  Status = XTmrCtr_Initialize(&TimerCounterInst, DeviceId);
                                                 ^~~~~~~~
../src/MotorDriver/MotorDriver.c:24:49: note: each undeclared identifier is reported only once for each function it appears in
../src/MotorDriver/MotorDriver.c:34:47: error: 'TMRCTR_0' undeclared (first use in this function); did you mean 'XTMRCTR_H'?
  Status = XTmrCtr_SelfTest(&TimerCounterInst, TMRCTR_0);
                                               ^~~~~~~~
                                               XTMRCTR_H
../src/MotorDriver/MotorDriver.c:39:1: warning: control reaches end of non-void function [-Wreturn-type]
 }
 ^
../src/MotorDriver/MotorDriver.c: In function 'DriveMotor':
../src/MotorDriver/MotorDriver.c:43:1: warning: control reaches end of non-void function [-Wreturn-type]
 }
 ^
make: *** [src/MotorDriver/MotorDriver.o] Error 1
19:19:14 **** Auto Build of configuration Debug for project motor_test ****
make pre-build main-build 
a9-linaro-pre-build-step
' '
'Building file: ../src/MotorDriver/MotorDriver.c'
'Invoking: ARM v7 gcc compiler'
arm-none-eabi-gcc -Wall -O0 -g3 -c -fmessage-length=0 -MT"src/MotorDriver/MotorDriver.o" -mcpu=cortex-a9 -mfpu=vfpv3 -mfloat-abi=hard -I../../motor_test_bsp/ps7_cortexa9_0/include -MMD -MP -MF"src/MotorDriver/MotorDriver.d" -MT"src/MotorDriver/MotorDriver.o" -o "src/MotorDriver/MotorDriver.o" "../src/MotorDriver/MotorDriver.c"
../src/MotorDriver/MotorDriver.c: In function 'InitializeMotorDriver':
../src/MotorDriver/MotorDriver.c:24:49: error: 'DeviceId' undeclared (first use in this function)
  Status = XTmrCtr_Initialize(&TimerCounterInst, DeviceId);
                                                 ^~~~~~~~
../src/MotorDriver/MotorDriver.c:24:49: note: each undeclared identifier is reported only once for each function it appears in
../src/MotorDriver/MotorDriver.c:34:47: error: 'TMRCTR_0' undeclared (first use in this function); did you mean 'XTMRCTR_H'?
  Status = XTmrCtr_SelfTest(&TimerCounterInst, TMRCTR_0);
                                               ^~~~~~~~
                                               XTMRCTR_H
../src/MotorDriver/MotorDriver.c:39:1: warning: control reaches end of non-void function [-Wreturn-type]
 }
 ^
../src/MotorDriver/MotorDriver.c: In function 'DriveMotor':
../src/MotorDriver/MotorDriver.c:43:1: warning: control reaches end of non-void function [-Wreturn-type]
 }
 ^
make: *** [src/MotorDriver/MotorDriver.o] Error 1
19:19:16 **** Auto Build of configuration Debug for project motor_test ****
make pre-build main-build 
a9-linaro-pre-build-step
' '
'Building file: ../src/MotorDriver/MotorDriver.c'
'Invoking: ARM v7 gcc compiler'
arm-none-eabi-gcc -Wall -O0 -g3 -c -fmessage-length=0 -MT"src/MotorDriver/MotorDriver.o" -mcpu=cortex-a9 -mfpu=vfpv3 -mfloat-abi=hard -I../../motor_test_bsp/ps7_cortexa9_0/include -MMD -MP -MF"src/MotorDriver/MotorDriver.d" -MT"src/MotorDriver/MotorDriver.o" -o "src/MotorDriver/MotorDriver.o" "../src/MotorDriver/MotorDriver.c"
../src/MotorDriver/MotorDriver.c: In function 'InitializeMotorDriver':
../src/MotorDriver/MotorDriver.c:25:49: error: 'DeviceId' undeclared (first use in this function)
  Status = XTmrCtr_Initialize(&TimerCounterInst, DeviceId);
                                                 ^~~~~~~~
../src/MotorDriver/MotorDriver.c:25:49: note: each undeclared identifier is reported only once for each function it appears in
../src/MotorDriver/MotorDriver.c:35:47: error: 'TMRCTR_0' undeclared (first use in this function); did you mean 'XTMRCTR_H'?
  Status = XTmrCtr_SelfTest(&TimerCounterInst, TMRCTR_0);
                                               ^~~~~~~~
                                               XTMRCTR_H
../src/MotorDriver/MotorDriver.c:40:1: warning: control reaches end of non-void function [-Wreturn-type]
 }
 ^
../src/MotorDriver/MotorDriver.c: In function 'DriveMotor':
../src/MotorDriver/MotorDriver.c:44:1: warning: control reaches end of non-void function [-Wreturn-type]
 }
 ^
make: *** [src/MotorDriver/MotorDriver.o] Error 1
19:19:52 **** Auto Build of configuration Debug for project motor_test ****
make pre-build main-build 
a9-linaro-pre-build-step
' '
'Building file: ../src/MotorDriver/MotorDriver.c'
'Invoking: ARM v7 gcc compiler'
arm-none-eabi-gcc -Wall -O0 -g3 -c -fmessage-length=0 -MT"src/MotorDriver/MotorDriver.o" -mcpu=cortex-a9 -mfpu=vfpv3 -mfloat-abi=hard -I../../motor_test_bsp/ps7_cortexa9_0/include -MMD -MP -MF"src/MotorDriver/MotorDriver.d" -MT"src/MotorDriver/MotorDriver.o" -o "src/MotorDriver/MotorDriver.o" "../src/MotorDriver/MotorDriver.c"
../src/MotorDriver/MotorDriver.c: In function 'InitializeMotorDriver':
../src/MotorDriver/MotorDriver.c:36:47: error: 'TMRCTR_0' undeclared (first use in this function); did you mean 'XTMRCTR_H'?
  Status = XTmrCtr_SelfTest(&TimerCounterInst, TMRCTR_0);
                                               ^~~~~~~~
                                               XTMRCTR_H
../src/MotorDriver/MotorDriver.c:36:47: note: each undeclared identifier is reported only once for each function it appears in
../src/MotorDriver/MotorDriver.c:41:1: warning: control reaches end of non-void function [-Wreturn-type]
 }
 ^
../src/MotorDriver/MotorDriver.c: In function 'DriveMotor':
../src/MotorDriver/MotorDriver.c:45:1: warning: control reaches end of non-void function [-Wreturn-type]
 }
 ^
make: *** [src/MotorDriver/MotorDriver.o] Error 1
19:20:31 **** Auto Build of configuration Debug for project motor_test ****
make pre-build main-build 
a9-linaro-pre-build-step
' '
'Building file: ../src/MotorDriver/MotorDriver.c'
'Invoking: ARM v7 gcc compiler'
arm-none-eabi-gcc -Wall -O0 -g3 -c -fmessage-length=0 -MT"src/MotorDriver/MotorDriver.o" -mcpu=cortex-a9 -mfpu=vfpv3 -mfloat-abi=hard -I../../motor_test_bsp/ps7_cortexa9_0/include -MMD -MP -MF"src/MotorDriver/MotorDriver.d" -MT"src/MotorDriver/MotorDriver.o" -o "src/MotorDriver/MotorDriver.o" "../src/MotorDriver/MotorDriver.c"
../src/MotorDriver/MotorDriver.c: In function 'InitializeMotorDriver':
../src/MotorDriver/MotorDriver.c:42:1: warning: control reaches end of non-void function [-Wreturn-type]
 }
 ^
../src/MotorDriver/MotorDriver.c: In function 'DriveMotor':
../src/MotorDriver/MotorDriver.c:46:1: warning: control reaches end of non-void function [-Wreturn-type]
 }
 ^
'Finished building: ../src/MotorDriver/MotorDriver.c'
' '
'Building target: motor_test.elf'
'Invoking: ARM v7 gcc linker'
arm-none-eabi-gcc -mcpu=cortex-a9 -mfpu=vfpv3 -mfloat-abi=hard -Wl,-build-id=none -specs=Xilinx.spec -Wl,-T -Wl,../src/lscript.ld -L../../motor_test_bsp/ps7_cortexa9_0/lib -o "motor_test.elf"  ./src/MotorDriver/MotorDriver.o  ./src/test.o   -Wl,--start-group,-lxil,-lgcc,-lc,--end-group
'Finished building target: motor_test.elf'
' '
'Invoking: ARM v7 Print Size'
arm-none-eabi-size motor_test.elf  |tee "motor_test.elf.size"
   text	   data	    bss	    dec	    hex	filename
  25764	   1168	  22632	  49564	   c19c	motor_test.elf
'Finished building: motor_test.elf.size'
' '
19:22:21 **** Auto Build of configuration Debug for project motor_test ****
make pre-build main-build 
a9-linaro-pre-build-step
' '
'Building file: ../src/MotorDriver/MotorDriver.c'
'Invoking: ARM v7 gcc compiler'
arm-none-eabi-gcc -Wall -O0 -g3 -c -fmessage-length=0 -MT"src/MotorDriver/MotorDriver.o" -mcpu=cortex-a9 -mfpu=vfpv3 -mfloat-abi=hard -I../../motor_test_bsp/ps7_cortexa9_0/include -MMD -MP -MF"src/MotorDriver/MotorDriver.d" -MT"src/MotorDriver/MotorDriver.o" -o "src/MotorDriver/MotorDriver.o" "../src/MotorDriver/MotorDriver.c"
../src/MotorDriver/MotorDriver.c: In function 'InitializeMotorDriver':
../src/MotorDriver/MotorDriver.c:44:1: warning: control reaches end of non-void function [-Wreturn-type]
 }
 ^
../src/MotorDriver/MotorDriver.c: In function 'DriveMotor':
../src/MotorDriver/MotorDriver.c:48:1: warning: control reaches end of non-void function [-Wreturn-type]
 }
 ^
'Finished building: ../src/MotorDriver/MotorDriver.c'
' '
'Building target: motor_test.elf'
'Invoking: ARM v7 gcc linker'
arm-none-eabi-gcc -mcpu=cortex-a9 -mfpu=vfpv3 -mfloat-abi=hard -Wl,-build-id=none -specs=Xilinx.spec -Wl,-T -Wl,../src/lscript.ld -L../../motor_test_bsp/ps7_cortexa9_0/lib -o "motor_test.elf"  ./src/MotorDriver/MotorDriver.o  ./src/test.o   -Wl,--start-group,-lxil,-lgcc,-lc,--end-group
'Finished building target: motor_test.elf'
' '
'Invoking: ARM v7 Print Size'
arm-none-eabi-size motor_test.elf  |tee "motor_test.elf.size"
   text	   data	    bss	    dec	    hex	filename
  25764	   1168	  22632	  49564	   c19c	motor_test.elf
'Finished building: motor_test.elf.size'
' '
19:22:44 **** Auto Build of configuration Debug for project motor_test ****
make pre-build main-build 
a9-linaro-pre-build-step
' '
'Building file: ../src/MotorDriver/MotorDriver.c'
'Invoking: ARM v7 gcc compiler'
arm-none-eabi-gcc -Wall -O0 -g3 -c -fmessage-length=0 -MT"src/MotorDriver/MotorDriver.o" -mcpu=cortex-a9 -mfpu=vfpv3 -mfloat-abi=hard -I../../motor_test_bsp/ps7_cortexa9_0/include -MMD -MP -MF"src/MotorDriver/MotorDriver.d" -MT"src/MotorDriver/MotorDriver.o" -o "src/MotorDriver/MotorDriver.o" "../src/MotorDriver/MotorDriver.c"
../src/MotorDriver/MotorDriver.c: In function 'InitializeMotorDriver':
../src/MotorDriver/MotorDriver.c:44:1: warning: control reaches end of non-void function [-Wreturn-type]
 }
 ^
../src/MotorDriver/MotorDriver.c: In function 'DriveMotor':
../src/MotorDriver/MotorDriver.c:48:1: warning: control reaches end of non-void function [-Wreturn-type]
 }
 ^
'Finished building: ../src/MotorDriver/MotorDriver.c'
' '
'Building target: motor_test.elf'
'Invoking: ARM v7 gcc linker'
arm-none-eabi-gcc -mcpu=cortex-a9 -mfpu=vfpv3 -mfloat-abi=hard -Wl,-build-id=none -specs=Xilinx.spec -Wl,-T -Wl,../src/lscript.ld -L../../motor_test_bsp/ps7_cortexa9_0/lib -o "motor_test.elf"  ./src/MotorDriver/MotorDriver.o  ./src/test.o   -Wl,--start-group,-lxil,-lgcc,-lc,--end-group
'Finished building target: motor_test.elf'
' '
'Invoking: ARM v7 Print Size'
arm-none-eabi-size motor_test.elf  |tee "motor_test.elf.size"
   text	   data	    bss	    dec	    hex	filename
  25764	   1168	  22632	  49564	   c19c	motor_test.elf
'Finished building: motor_test.elf.size'
' '
19:22:54 **** Auto Build of configuration Debug for project motor_test ****
make pre-build main-build 
a9-linaro-pre-build-step
' '
'Building file: ../src/MotorDriver/MotorDriver.c'
'Invoking: ARM v7 gcc compiler'
arm-none-eabi-gcc -Wall -O0 -g3 -c -fmessage-length=0 -MT"src/MotorDriver/MotorDriver.o" -mcpu=cortex-a9 -mfpu=vfpv3 -mfloat-abi=hard -I../../motor_test_bsp/ps7_cortexa9_0/include -MMD -MP -MF"src/MotorDriver/MotorDriver.d" -MT"src/MotorDriver/MotorDriver.o" -o "src/MotorDriver/MotorDriver.o" "../src/MotorDriver/MotorDriver.c"
../src/MotorDriver/MotorDriver.c: In function 'InitializeMotorDriver':
../src/MotorDriver/MotorDriver.c:45:1: warning: control reaches end of non-void function [-Wreturn-type]
 }
 ^
../src/MotorDriver/MotorDriver.c: In function 'DriveMotor':
../src/MotorDriver/MotorDriver.c:49:1: warning: control reaches end of non-void function [-Wreturn-type]
 }
 ^
'Finished building: ../src/MotorDriver/MotorDriver.c'
' '
'Building target: motor_test.elf'
'Invoking: ARM v7 gcc linker'
arm-none-eabi-gcc -mcpu=cortex-a9 -mfpu=vfpv3 -mfloat-abi=hard -Wl,-build-id=none -specs=Xilinx.spec -Wl,-T -Wl,../src/lscript.ld -L../../motor_test_bsp/ps7_cortexa9_0/lib -o "motor_test.elf"  ./src/MotorDriver/MotorDriver.o  ./src/test.o   -Wl,--start-group,-lxil,-lgcc,-lc,--end-group
'Finished building target: motor_test.elf'
' '
'Invoking: ARM v7 Print Size'
arm-none-eabi-size motor_test.elf  |tee "motor_test.elf.size"
   text	   data	    bss	    dec	    hex	filename
  25764	   1168	  22632	  49564	   c19c	motor_test.elf
'Finished building: motor_test.elf.size'
' '
19:23:20 **** Auto Build of configuration Debug for project motor_test ****
make pre-build main-build 
a9-linaro-pre-build-step
' '
'Building file: ../src/MotorDriver/MotorDriver.c'
'Invoking: ARM v7 gcc compiler'
arm-none-eabi-gcc -Wall -O0 -g3 -c -fmessage-length=0 -MT"src/MotorDriver/MotorDriver.o" -mcpu=cortex-a9 -mfpu=vfpv3 -mfloat-abi=hard -I../../motor_test_bsp/ps7_cortexa9_0/include -MMD -MP -MF"src/MotorDriver/MotorDriver.d" -MT"src/MotorDriver/MotorDriver.o" -o "src/MotorDriver/MotorDriver.o" "../src/MotorDriver/MotorDriver.c"
../src/MotorDriver/MotorDriver.c: In function 'InitializeMotorDriver':
../src/MotorDriver/MotorDriver.c:46:1: error: expected ';' before '}' token
 }
 ^
../src/MotorDriver/MotorDriver.c:46:1: warning: control reaches end of non-void function [-Wreturn-type]
 }
 ^
../src/MotorDriver/MotorDriver.c: In function 'DriveMotor':
../src/MotorDriver/MotorDriver.c:50:1: warning: control reaches end of non-void function [-Wreturn-type]
 }
 ^
make: *** [src/MotorDriver/MotorDriver.o] Error 1
19:23:22 **** Auto Build of configuration Debug for project motor_test ****
make pre-build main-build 
a9-linaro-pre-build-step
' '
'Building file: ../src/MotorDriver/MotorDriver.c'
'Invoking: ARM v7 gcc compiler'
arm-none-eabi-gcc -Wall -O0 -g3 -c -fmessage-length=0 -MT"src/MotorDriver/MotorDriver.o" -mcpu=cortex-a9 -mfpu=vfpv3 -mfloat-abi=hard -I../../motor_test_bsp/ps7_cortexa9_0/include -MMD -MP -MF"src/MotorDriver/MotorDriver.d" -MT"src/MotorDriver/MotorDriver.o" -o "src/MotorDriver/MotorDriver.o" "../src/MotorDriver/MotorDriver.c"
../src/MotorDriver/MotorDriver.c: In function 'InitializeMotorDriver':
../src/MotorDriver/MotorDriver.c:46:1: warning: control reaches end of non-void function [-Wreturn-type]
 }
 ^
../src/MotorDriver/MotorDriver.c: In function 'DriveMotor':
../src/MotorDriver/MotorDriver.c:50:1: warning: control reaches end of non-void function [-Wreturn-type]
 }
 ^
'Finished building: ../src/MotorDriver/MotorDriver.c'
' '
'Building target: motor_test.elf'
'Invoking: ARM v7 gcc linker'
arm-none-eabi-gcc -mcpu=cortex-a9 -mfpu=vfpv3 -mfloat-abi=hard -Wl,-build-id=none -specs=Xilinx.spec -Wl,-T -Wl,../src/lscript.ld -L../../motor_test_bsp/ps7_cortexa9_0/lib -o "motor_test.elf"  ./src/MotorDriver/MotorDriver.o  ./src/test.o   -Wl,--start-group,-lxil,-lgcc,-lc,--end-group
'Finished building target: motor_test.elf'
' '
'Invoking: ARM v7 Print Size'
arm-none-eabi-size motor_test.elf  |tee "motor_test.elf.size"
   text	   data	    bss	    dec	    hex	filename
  25764	   1168	  22632	  49564	   c19c	motor_test.elf
'Finished building: motor_test.elf.size'
' '
19:23:59 **** Auto Build of configuration Debug for project motor_test ****
make pre-build main-build 
a9-linaro-pre-build-step
' '
'Building file: ../src/MotorDriver/MotorDriver.c'
'Invoking: ARM v7 gcc compiler'
arm-none-eabi-gcc -Wall -O0 -g3 -c -fmessage-length=0 -MT"src/MotorDriver/MotorDriver.o" -mcpu=cortex-a9 -mfpu=vfpv3 -mfloat-abi=hard -I../../motor_test_bsp/ps7_cortexa9_0/include -MMD -MP -MF"src/MotorDriver/MotorDriver.d" -MT"src/MotorDriver/MotorDriver.o" -o "src/MotorDriver/MotorDriver.o" "../src/MotorDriver/MotorDriver.c"
../src/MotorDriver/MotorDriver.c: In function 'InitializeMotorDriver':
../src/MotorDriver/MotorDriver.c:23:11: warning: unused variable 'highTime' [-Wunused-variable]
  uint32_t highTime;
           ^~~~~~~~
../src/MotorDriver/MotorDriver.c:22:11: warning: unused variable 'period' [-Wunused-variable]
  uint32_t period;
           ^~~~~~
../src/MotorDriver/MotorDriver.c:49:1: warning: control reaches end of non-void function [-Wreturn-type]
 }
 ^
../src/MotorDriver/MotorDriver.c: In function 'DriveMotor':
../src/MotorDriver/MotorDriver.c:53:1: warning: control reaches end of non-void function [-Wreturn-type]
 }
 ^
'Finished building: ../src/MotorDriver/MotorDriver.c'
' '
'Building target: motor_test.elf'
'Invoking: ARM v7 gcc linker'
arm-none-eabi-gcc -mcpu=cortex-a9 -mfpu=vfpv3 -mfloat-abi=hard -Wl,-build-id=none -specs=Xilinx.spec -Wl,-T -Wl,../src/lscript.ld -L../../motor_test_bsp/ps7_cortexa9_0/lib -o "motor_test.elf"  ./src/MotorDriver/MotorDriver.o  ./src/test.o   -Wl,--start-group,-lxil,-lgcc,-lc,--end-group
'Finished building target: motor_test.elf'
' '
'Invoking: ARM v7 Print Size'
arm-none-eabi-size motor_test.elf  |tee "motor_test.elf.size"
   text	   data	    bss	    dec	    hex	filename
  25764	   1168	  22632	  49564	   c19c	motor_test.elf
'Finished building: motor_test.elf.size'
' '
19:24:09 **** Auto Build of configuration Debug for project motor_test ****
make pre-build main-build 
a9-linaro-pre-build-step
' '
'Building file: ../src/MotorDriver/MotorDriver.c'
'Invoking: ARM v7 gcc compiler'
arm-none-eabi-gcc -Wall -O0 -g3 -c -fmessage-length=0 -MT"src/MotorDriver/MotorDriver.o" -mcpu=cortex-a9 -mfpu=vfpv3 -mfloat-abi=hard -I../../motor_test_bsp/ps7_cortexa9_0/include -MMD -MP -MF"src/MotorDriver/MotorDriver.d" -MT"src/MotorDriver/MotorDriver.o" -o "src/MotorDriver/MotorDriver.o" "../src/MotorDriver/MotorDriver.c"
../src/MotorDriver/MotorDriver.c: In function 'InitializeMotorDriver':
../src/MotorDriver/MotorDriver.c:23:11: warning: unused variable 'highTime' [-Wunused-variable]
  uint32_t highTime;
           ^~~~~~~~
../src/MotorDriver/MotorDriver.c:22:11: warning: unused variable 'period' [-Wunused-variable]
  uint32_t period;
           ^~~~~~
../src/MotorDriver/MotorDriver.c:48:1: warning: control reaches end of non-void function [-Wreturn-type]
 }
 ^
../src/MotorDriver/MotorDriver.c: In function 'DriveMotor':
../src/MotorDriver/MotorDriver.c:52:1: warning: control reaches end of non-void function [-Wreturn-type]
 }
 ^
'Finished building: ../src/MotorDriver/MotorDriver.c'
' '
'Building target: motor_test.elf'
'Invoking: ARM v7 gcc linker'
arm-none-eabi-gcc -mcpu=cortex-a9 -mfpu=vfpv3 -mfloat-abi=hard -Wl,-build-id=none -specs=Xilinx.spec -Wl,-T -Wl,../src/lscript.ld -L../../motor_test_bsp/ps7_cortexa9_0/lib -o "motor_test.elf"  ./src/MotorDriver/MotorDriver.o  ./src/test.o   -Wl,--start-group,-lxil,-lgcc,-lc,--end-group
'Finished building target: motor_test.elf'
' '
'Invoking: ARM v7 Print Size'
arm-none-eabi-size motor_test.elf  |tee "motor_test.elf.size"
   text	   data	    bss	    dec	    hex	filename
  25764	   1168	  22632	  49564	   c19c	motor_test.elf
'Finished building: motor_test.elf.size'
' '
19:24:32 **** Auto Build of configuration Debug for project motor_test ****
make pre-build main-build 
a9-linaro-pre-build-step
' '
'Building file: ../src/MotorDriver/MotorDriver.c'
'Invoking: ARM v7 gcc compiler'
arm-none-eabi-gcc -Wall -O0 -g3 -c -fmessage-length=0 -MT"src/MotorDriver/MotorDriver.o" -mcpu=cortex-a9 -mfpu=vfpv3 -mfloat-abi=hard -I../../motor_test_bsp/ps7_cortexa9_0/include -MMD -MP -MF"src/MotorDriver/MotorDriver.d" -MT"src/MotorDriver/MotorDriver.o" -o "src/MotorDriver/MotorDriver.o" "../src/MotorDriver/MotorDriver.c"
../src/MotorDriver/MotorDriver.c: In function 'InitializeMotorDriver':
../src/MotorDriver/MotorDriver.c:23:11: warning: unused variable 'highTime' [-Wunused-variable]
  uint32_t highTime;
           ^~~~~~~~
../src/MotorDriver/MotorDriver.c:22:11: warning: unused variable 'period' [-Wunused-variable]
  uint32_t period;
           ^~~~~~
../src/MotorDriver/MotorDriver.c:48:1: warning: control reaches end of non-void function [-Wreturn-type]
 }
 ^
../src/MotorDriver/MotorDriver.c: In function 'DriveMotor':
../src/MotorDriver/MotorDriver.c:52:1: warning: control reaches end of non-void function [-Wreturn-type]
 }
 ^
'Finished building: ../src/MotorDriver/MotorDriver.c'
' '
'Building target: motor_test.elf'
'Invoking: ARM v7 gcc linker'
arm-none-eabi-gcc -mcpu=cortex-a9 -mfpu=vfpv3 -mfloat-abi=hard -Wl,-build-id=none -specs=Xilinx.spec -Wl,-T -Wl,../src/lscript.ld -L../../motor_test_bsp/ps7_cortexa9_0/lib -o "motor_test.elf"  ./src/MotorDriver/MotorDriver.o  ./src/test.o   -Wl,--start-group,-lxil,-lgcc,-lc,--end-group
'Finished building target: motor_test.elf'
' '
'Invoking: ARM v7 Print Size'
arm-none-eabi-size motor_test.elf  |tee "motor_test.elf.size"
   text	   data	    bss	    dec	    hex	filename
  25764	   1168	  22632	  49564	   c19c	motor_test.elf
'Finished building: motor_test.elf.size'
' '
19:25:00 **** Auto Build of configuration Debug for project motor_test ****
make pre-build main-build 
a9-linaro-pre-build-step
' '
'Building file: ../src/MotorDriver/MotorDriver.c'
'Invoking: ARM v7 gcc compiler'
arm-none-eabi-gcc -Wall -O0 -g3 -c -fmessage-length=0 -MT"src/MotorDriver/MotorDriver.o" -mcpu=cortex-a9 -mfpu=vfpv3 -mfloat-abi=hard -I../../motor_test_bsp/ps7_cortexa9_0/include -MMD -MP -MF"src/MotorDriver/MotorDriver.d" -MT"src/MotorDriver/MotorDriver.o" -o "src/MotorDriver/MotorDriver.o" "../src/MotorDriver/MotorDriver.c"
../src/MotorDriver/MotorDriver.c: In function 'InitializeMotorDriver':
../src/MotorDriver/MotorDriver.c:23:11: warning: unused variable 'highTime' [-Wunused-variable]
  uint32_t highTime;
           ^~~~~~~~
../src/MotorDriver/MotorDriver.c:22:11: warning: unused variable 'period' [-Wunused-variable]
  uint32_t period;
           ^~~~~~
../src/MotorDriver/MotorDriver.c: At top level:
../src/MotorDriver/MotorDriver.c:50:6: error: conflicting types for 'DriveMotor'
 bool DriveMotor(double dutyCycle) {
      ^~~~~~~~~~
In file included from ../src/MotorDriver/MotorDriver.c:8:0:
../src/MotorDriver/MotorDriver.h:16:9: note: previous declaration of 'DriveMotor' was here
 bool    DriveMotor(MotorDirection direction, double driveSpeed);
         ^~~~~~~~~~
../src/MotorDriver/MotorDriver.c: In function 'InitializeMotorDriver':
../src/MotorDriver/MotorDriver.c:48:1: warning: control reaches end of non-void function [-Wreturn-type]
 }
 ^
../src/MotorDriver/MotorDriver.c: In function 'DriveMotor':
../src/MotorDriver/MotorDriver.c:52:1: warning: control reaches end of non-void function [-Wreturn-type]
 }
 ^
make: *** [src/MotorDriver/MotorDriver.o] Error 1
19:25:16 **** Auto Build of configuration Debug for project motor_test ****
make pre-build main-build 
a9-linaro-pre-build-step
' '
'Building file: ../src/MotorDriver/MotorDriver.c'
'Invoking: ARM v7 gcc compiler'
arm-none-eabi-gcc -Wall -O0 -g3 -c -fmessage-length=0 -MT"src/MotorDriver/MotorDriver.o" -mcpu=cortex-a9 -mfpu=vfpv3 -mfloat-abi=hard -I../../motor_test_bsp/ps7_cortexa9_0/include -MMD -MP -MF"src/MotorDriver/MotorDriver.d" -MT"src/MotorDriver/MotorDriver.o" -o "src/MotorDriver/MotorDriver.o" "../src/MotorDriver/MotorDriver.c"
../src/MotorDriver/MotorDriver.c: In function 'InitializeMotorDriver':
../src/MotorDriver/MotorDriver.c:23:11: warning: unused variable 'highTime' [-Wunused-variable]
  uint32_t highTime;
           ^~~~~~~~
../src/MotorDriver/MotorDriver.c:22:11: warning: unused variable 'period' [-Wunused-variable]
  uint32_t period;
           ^~~~~~
../src/MotorDriver/MotorDriver.c:48:1: warning: control reaches end of non-void function [-Wreturn-type]
 }
 ^
../src/MotorDriver/MotorDriver.c: In function 'DriveMotor':
../src/MotorDriver/MotorDriver.c:52:1: warning: control reaches end of non-void function [-Wreturn-type]
 }
 ^
'Finished building: ../src/MotorDriver/MotorDriver.c'
' '
'Building file: ../src/test.c'
'Invoking: ARM v7 gcc compiler'
arm-none-eabi-gcc -Wall -O0 -g3 -c -fmessage-length=0 -MT"src/test.o" -mcpu=cortex-a9 -mfpu=vfpv3 -mfloat-abi=hard -I../../motor_test_bsp/ps7_cortexa9_0/include -MMD -MP -MF"src/test.d" -MT"src/test.o" -o "src/test.o" "../src/test.c"
../src/test.c: In function 'TmrCtrPwmExample':
../src/test.c:111:6: warning: variable 'Div' set but not used [-Wunused-but-set-variable]
  u8  Div;
      ^~~
'Finished building: ../src/test.c'
' '
'Building target: motor_test.elf'
'Invoking: ARM v7 gcc linker'
arm-none-eabi-gcc -mcpu=cortex-a9 -mfpu=vfpv3 -mfloat-abi=hard -Wl,-build-id=none -specs=Xilinx.spec -Wl,-T -Wl,../src/lscript.ld -L../../motor_test_bsp/ps7_cortexa9_0/lib -o "motor_test.elf"  ./src/MotorDriver/MotorDriver.o  ./src/test.o   -Wl,--start-group,-lxil,-lgcc,-lc,--end-group
'Finished building target: motor_test.elf'
' '
'Invoking: ARM v7 Print Size'
arm-none-eabi-size motor_test.elf  |tee "motor_test.elf.size"
   text	   data	    bss	    dec	    hex	filename
  25764	   1168	  22632	  49564	   c19c	motor_test.elf
'Finished building: motor_test.elf.size'
' '
19:25:22 **** Auto Build of configuration Debug for project motor_test ****
make pre-build main-build 
a9-linaro-pre-build-step
' '
'Building file: ../src/MotorDriver/MotorDriver.c'
'Invoking: ARM v7 gcc compiler'
arm-none-eabi-gcc -Wall -O0 -g3 -c -fmessage-length=0 -MT"src/MotorDriver/MotorDriver.o" -mcpu=cortex-a9 -mfpu=vfpv3 -mfloat-abi=hard -I../../motor_test_bsp/ps7_cortexa9_0/include -MMD -MP -MF"src/MotorDriver/MotorDriver.d" -MT"src/MotorDriver/MotorDriver.o" -o "src/MotorDriver/MotorDriver.o" "../src/MotorDriver/MotorDriver.c"
../src/MotorDriver/MotorDriver.c: In function 'InitializeMotorDriver':
../src/MotorDriver/MotorDriver.c:23:11: warning: unused variable 'highTime' [-Wunused-variable]
  uint32_t highTime;
           ^~~~~~~~
../src/MotorDriver/MotorDriver.c:22:11: warning: unused variable 'period' [-Wunused-variable]
  uint32_t period;
           ^~~~~~
../src/MotorDriver/MotorDriver.c:48:1: warning: control reaches end of non-void function [-Wreturn-type]
 }
 ^
../src/MotorDriver/MotorDriver.c: In function 'DriveMotor':
../src/MotorDriver/MotorDriver.c:52:1: warning: control reaches end of non-void function [-Wreturn-type]
 }
 ^
'Finished building: ../src/MotorDriver/MotorDriver.c'
' '
'Building target: motor_test.elf'
'Invoking: ARM v7 gcc linker'
arm-none-eabi-gcc -mcpu=cortex-a9 -mfpu=vfpv3 -mfloat-abi=hard -Wl,-build-id=none -specs=Xilinx.spec -Wl,-T -Wl,../src/lscript.ld -L../../motor_test_bsp/ps7_cortexa9_0/lib -o "motor_test.elf"  ./src/MotorDriver/MotorDriver.o  ./src/test.o   -Wl,--start-group,-lxil,-lgcc,-lc,--end-group
'Finished building target: motor_test.elf'
' '
'Invoking: ARM v7 Print Size'
arm-none-eabi-size motor_test.elf  |tee "motor_test.elf.size"
   text	   data	    bss	    dec	    hex	filename
  25764	   1168	  22632	  49564	   c19c	motor_test.elf
'Finished building: motor_test.elf.size'
' '
19:26:09 **** Auto Build of configuration Debug for project motor_test ****
make pre-build main-build 
a9-linaro-pre-build-step
' '
'Building file: ../src/test.c'
'Invoking: ARM v7 gcc compiler'
arm-none-eabi-gcc -Wall -O0 -g3 -c -fmessage-length=0 -MT"src/test.o" -mcpu=cortex-a9 -mfpu=vfpv3 -mfloat-abi=hard -I../../motor_test_bsp/ps7_cortexa9_0/include -MMD -MP -MF"src/test.d" -MT"src/test.o" -o "src/test.o" "../src/test.c"
../src/test.c: In function 'TmrCtrPwmExample':
../src/test.c:111:6: warning: variable 'Div' set but not used [-Wunused-but-set-variable]
  u8  Div;
      ^~~
'Finished building: ../src/test.c'
' '
'Building target: motor_test.elf'
'Invoking: ARM v7 gcc linker'
arm-none-eabi-gcc -mcpu=cortex-a9 -mfpu=vfpv3 -mfloat-abi=hard -Wl,-build-id=none -specs=Xilinx.spec -Wl,-T -Wl,../src/lscript.ld -L../../motor_test_bsp/ps7_cortexa9_0/lib -o "motor_test.elf"  ./src/MotorDriver/MotorDriver.o  ./src/test.o   -Wl,--start-group,-lxil,-lgcc,-lc,--end-group
'Finished building target: motor_test.elf'
' '
'Invoking: ARM v7 Print Size'
arm-none-eabi-size motor_test.elf  |tee "motor_test.elf.size"
   text	   data	    bss	    dec	    hex	filename
  25764	   1168	  22632	  49564	   c19c	motor_test.elf
'Finished building: motor_test.elf.size'
' '
19:26:40 **** Auto Build of configuration Debug for project motor_test ****
make pre-build main-build 
a9-linaro-pre-build-step
' '
'Building file: ../src/MotorDriver/MotorDriver.c'
'Invoking: ARM v7 gcc compiler'
arm-none-eabi-gcc -Wall -O0 -g3 -c -fmessage-length=0 -MT"src/MotorDriver/MotorDriver.o" -mcpu=cortex-a9 -mfpu=vfpv3 -mfloat-abi=hard -I../../motor_test_bsp/ps7_cortexa9_0/include -MMD -MP -MF"src/MotorDriver/MotorDriver.d" -MT"src/MotorDriver/MotorDriver.o" -o "src/MotorDriver/MotorDriver.o" "../src/MotorDriver/MotorDriver.c"
../src/MotorDriver/MotorDriver.c: In function 'InitializeMotorDriver':
../src/MotorDriver/MotorDriver.c:50:1: error: expected expression before '}' token
 }
 ^
../src/MotorDriver/MotorDriver.c:23:11: warning: unused variable 'highTime' [-Wunused-variable]
  uint32_t highTime;
           ^~~~~~~~
../src/MotorDriver/MotorDriver.c:22:11: warning: variable 'period' set but not used [-Wunused-but-set-variable]
  uint32_t period;
           ^~~~~~
../src/MotorDriver/MotorDriver.c:50:1: warning: control reaches end of non-void function [-Wreturn-type]
 }
 ^
../src/MotorDriver/MotorDriver.c: In function 'DriveMotor':
../src/MotorDriver/MotorDriver.c:54:1: warning: control reaches end of non-void function [-Wreturn-type]
 }
 ^
make: *** [src/MotorDriver/MotorDriver.o] Error 1
19:26:48 **** Auto Build of configuration Debug for project motor_test ****
make pre-build main-build 
a9-linaro-pre-build-step
' '
'Building file: ../src/MotorDriver/MotorDriver.c'
'Invoking: ARM v7 gcc compiler'
arm-none-eabi-gcc -Wall -O0 -g3 -c -fmessage-length=0 -MT"src/MotorDriver/MotorDriver.o" -mcpu=cortex-a9 -mfpu=vfpv3 -mfloat-abi=hard -I../../motor_test_bsp/ps7_cortexa9_0/include -MMD -MP -MF"src/MotorDriver/MotorDriver.d" -MT"src/MotorDriver/MotorDriver.o" -o "src/MotorDriver/MotorDriver.o" "../src/MotorDriver/MotorDriver.c"
../src/MotorDriver/MotorDriver.c:19:6: error: conflicting types for 'InitializeMotorDriver'
 bool InitializeMotorDriver(double initialDutyCycle, double frequency) {
      ^~~~~~~~~~~~~~~~~~~~~
In file included from ../src/MotorDriver/MotorDriver.c:8:0:
../src/MotorDriver/MotorDriver.h:15:9: note: previous declaration of 'InitializeMotorDriver' was here
 bool    InitializeMotorDriver(double initialDutyCycle);
         ^~~~~~~~~~~~~~~~~~~~~
../src/MotorDriver/MotorDriver.c: In function 'InitializeMotorDriver':
../src/MotorDriver/MotorDriver.c:50:1: error: expected expression before '}' token
 }
 ^
../src/MotorDriver/MotorDriver.c:23:11: warning: unused variable 'highTime' [-Wunused-variable]
  uint32_t highTime;
           ^~~~~~~~
../src/MotorDriver/MotorDriver.c:22:11: warning: variable 'period' set but not used [-Wunused-but-set-variable]
  uint32_t period;
           ^~~~~~
../src/MotorDriver/MotorDriver.c:50:1: warning: control reaches end of non-void function [-Wreturn-type]
 }
 ^
../src/MotorDriver/MotorDriver.c: In function 'DriveMotor':
../src/MotorDriver/MotorDriver.c:54:1: warning: control reaches end of non-void function [-Wreturn-type]
 }
 ^
make: *** [src/MotorDriver/MotorDriver.o] Error 1
19:27:43 **** Auto Build of configuration Debug for project motor_test ****
make pre-build main-build 
a9-linaro-pre-build-step
' '
'Building file: ../src/MotorDriver/MotorDriver.c'
'Invoking: ARM v7 gcc compiler'
arm-none-eabi-gcc -Wall -O0 -g3 -c -fmessage-length=0 -MT"src/MotorDriver/MotorDriver.o" -mcpu=cortex-a9 -mfpu=vfpv3 -mfloat-abi=hard -I../../motor_test_bsp/ps7_cortexa9_0/include -MMD -MP -MF"src/MotorDriver/MotorDriver.d" -MT"src/MotorDriver/MotorDriver.o" -o "src/MotorDriver/MotorDriver.o" "../src/MotorDriver/MotorDriver.c"
In file included from ../src/MotorDriver/MotorDriver.c:8:0:
../src/MotorDriver/MotorDriver.h:15:56: error: unknown type name 'uint16_t'
 bool    InitializeMotorDriver(double initialDutyCycle, uint16_t);
                                                        ^~~~~~~~
../src/MotorDriver/MotorDriver.c: In function 'InitializeMotorDriver':
../src/MotorDriver/MotorDriver.c:50:1: error: expected expression before '}' token
 }
 ^
../src/MotorDriver/MotorDriver.c:23:11: warning: unused variable 'highTime' [-Wunused-variable]
  uint32_t highTime;
           ^~~~~~~~
../src/MotorDriver/MotorDriver.c:22:11: warning: variable 'period' set but not used [-Wunused-but-set-variable]
  uint32_t period;
           ^~~~~~
../src/MotorDriver/MotorDriver.c:50:1: warning: control reaches end of non-void function [-Wreturn-type]
 }
 ^
../src/MotorDriver/MotorDriver.c: In function 'DriveMotor':
../src/MotorDriver/MotorDriver.c:54:1: warning: control reaches end of non-void function [-Wreturn-type]
 }
 ^
make: *** [src/MotorDriver/MotorDriver.o] Error 1
19:27:46 **** Auto Build of configuration Debug for project motor_test ****
make pre-build main-build 
a9-linaro-pre-build-step
' '
'Building file: ../src/MotorDriver/MotorDriver.c'
'Invoking: ARM v7 gcc compiler'
arm-none-eabi-gcc -Wall -O0 -g3 -c -fmessage-length=0 -MT"src/MotorDriver/MotorDriver.o" -mcpu=cortex-a9 -mfpu=vfpv3 -mfloat-abi=hard -I../../motor_test_bsp/ps7_cortexa9_0/include -MMD -MP -MF"src/MotorDriver/MotorDriver.d" -MT"src/MotorDriver/MotorDriver.o" -o "src/MotorDriver/MotorDriver.o" "../src/MotorDriver/MotorDriver.c"
In file included from ../src/MotorDriver/MotorDriver.c:8:0:
../src/MotorDriver/MotorDriver.h:15:56: error: unknown type name 'uint16_t'
 bool    InitializeMotorDriver(double initialDutyCycle, uint16_t frequency);
                                                        ^~~~~~~~
../src/MotorDriver/MotorDriver.c: In function 'InitializeMotorDriver':
../src/MotorDriver/MotorDriver.c:50:1: error: expected expression before '}' token
 }
 ^
../src/MotorDriver/MotorDriver.c:23:11: warning: unused variable 'highTime' [-Wunused-variable]
  uint32_t highTime;
           ^~~~~~~~
../src/MotorDriver/MotorDriver.c:22:11: warning: variable 'period' set but not used [-Wunused-but-set-variable]
  uint32_t period;
           ^~~~~~
../src/MotorDriver/MotorDriver.c:50:1: warning: control reaches end of non-void function [-Wreturn-type]
 }
 ^
../src/MotorDriver/MotorDriver.c: In function 'DriveMotor':
../src/MotorDriver/MotorDriver.c:54:1: warning: control reaches end of non-void function [-Wreturn-type]
 }
 ^
make: *** [src/MotorDriver/MotorDriver.o] Error 1
19:27:57 **** Auto Build of configuration Debug for project motor_test ****
make pre-build main-build 
a9-linaro-pre-build-step
' '
'Building file: ../src/MotorDriver/MotorDriver.c'
'Invoking: ARM v7 gcc compiler'
arm-none-eabi-gcc -Wall -O0 -g3 -c -fmessage-length=0 -MT"src/MotorDriver/MotorDriver.o" -mcpu=cortex-a9 -mfpu=vfpv3 -mfloat-abi=hard -I../../motor_test_bsp/ps7_cortexa9_0/include -MMD -MP -MF"src/MotorDriver/MotorDriver.d" -MT"src/MotorDriver/MotorDriver.o" -o "src/MotorDriver/MotorDriver.o" "../src/MotorDriver/MotorDriver.c"
In file included from ../src/MotorDriver/MotorDriver.c:8:0:
../src/MotorDriver/MotorDriver.h:15:56: error: unknown type name 'uint16_t'
 bool    InitializeMotorDriver(double initialDutyCycle, uint16_t frequency);
                                                        ^~~~~~~~
../src/MotorDriver/MotorDriver.c: In function 'InitializeMotorDriver':
../src/MotorDriver/MotorDriver.c:50:1: error: expected expression before '}' token
 }
 ^
../src/MotorDriver/MotorDriver.c:23:11: warning: unused variable 'highTime' [-Wunused-variable]
  uint32_t highTime;
           ^~~~~~~~
../src/MotorDriver/MotorDriver.c:22:11: warning: variable 'period' set but not used [-Wunused-but-set-variable]
  uint32_t period;
           ^~~~~~
../src/MotorDriver/MotorDriver.c:50:1: warning: control reaches end of non-void function [-Wreturn-type]
 }
 ^
../src/MotorDriver/MotorDriver.c: In function 'DriveMotor':
../src/MotorDriver/MotorDriver.c:54:1: warning: control reaches end of non-void function [-Wreturn-type]
 }
 ^
make: *** [src/MotorDriver/MotorDriver.o] Error 1
19:28:07 **** Auto Build of configuration Debug for project motor_test ****
make pre-build main-build 
a9-linaro-pre-build-step
' '
'Building file: ../src/MotorDriver/MotorDriver.c'
'Invoking: ARM v7 gcc compiler'
arm-none-eabi-gcc -Wall -O0 -g3 -c -fmessage-length=0 -MT"src/MotorDriver/MotorDriver.o" -mcpu=cortex-a9 -mfpu=vfpv3 -mfloat-abi=hard -I../../motor_test_bsp/ps7_cortexa9_0/include -MMD -MP -MF"src/MotorDriver/MotorDriver.d" -MT"src/MotorDriver/MotorDriver.o" -o "src/MotorDriver/MotorDriver.o" "../src/MotorDriver/MotorDriver.c"
In file included from ../src/MotorDriver/MotorDriver.c:8:0:
../src/MotorDriver/MotorDriver.h:15:56: error: unknown type name 'uint16_t'
 bool    InitializeMotorDriver(double initialDutyCycle, uint16_t frequency);
                                                        ^~~~~~~~
../src/MotorDriver/MotorDriver.c: In function 'InitializeMotorDriver':
../src/MotorDriver/MotorDriver.c:50:1: error: expected expression before '}' token
 }
 ^
../src/MotorDriver/MotorDriver.c:23:11: warning: unused variable 'highTime' [-Wunused-variable]
  uint32_t highTime;
           ^~~~~~~~
../src/MotorDriver/MotorDriver.c:22:11: warning: variable 'period' set but not used [-Wunused-but-set-variable]
  uint32_t period;
           ^~~~~~
../src/MotorDriver/MotorDriver.c:50:1: warning: control reaches end of non-void function [-Wreturn-type]
 }
 ^
../src/MotorDriver/MotorDriver.c: In function 'DriveMotor':
../src/MotorDriver/MotorDriver.c:54:1: warning: control reaches end of non-void function [-Wreturn-type]
 }
 ^
make: *** [src/MotorDriver/MotorDriver.o] Error 1
19:28:26 **** Auto Build of configuration Debug for project motor_test ****
make pre-build main-build 
a9-linaro-pre-build-step
' '
'Building file: ../src/MotorDriver/MotorDriver.c'
'Invoking: ARM v7 gcc compiler'
arm-none-eabi-gcc -Wall -O0 -g3 -c -fmessage-length=0 -MT"src/MotorDriver/MotorDriver.o" -mcpu=cortex-a9 -mfpu=vfpv3 -mfloat-abi=hard -I../../motor_test_bsp/ps7_cortexa9_0/include -MMD -MP -MF"src/MotorDriver/MotorDriver.d" -MT"src/MotorDriver/MotorDriver.o" -o "src/MotorDriver/MotorDriver.o" "../src/MotorDriver/MotorDriver.c"
../src/MotorDriver/MotorDriver.c: In function 'InitializeMotorDriver':
../src/MotorDriver/MotorDriver.c:50:1: error: expected expression before '}' token
 }
 ^
../src/MotorDriver/MotorDriver.c:23:11: warning: unused variable 'highTime' [-Wunused-variable]
  uint32_t highTime;
           ^~~~~~~~
../src/MotorDriver/MotorDriver.c:22:11: warning: variable 'period' set but not used [-Wunused-but-set-variable]
  uint32_t period;
           ^~~~~~
../src/MotorDriver/MotorDriver.c:50:1: warning: control reaches end of non-void function [-Wreturn-type]
 }
 ^
../src/MotorDriver/MotorDriver.c: In function 'DriveMotor':
../src/MotorDriver/MotorDriver.c:54:1: warning: control reaches end of non-void function [-Wreturn-type]
 }
 ^
make: *** [src/MotorDriver/MotorDriver.o] Error 1
19:28:43 **** Auto Build of configuration Debug for project motor_test ****
make pre-build main-build 
a9-linaro-pre-build-step
' '
'Building file: ../src/MotorDriver/MotorDriver.c'
'Invoking: ARM v7 gcc compiler'
arm-none-eabi-gcc -Wall -O0 -g3 -c -fmessage-length=0 -MT"src/MotorDriver/MotorDriver.o" -mcpu=cortex-a9 -mfpu=vfpv3 -mfloat-abi=hard -I../../motor_test_bsp/ps7_cortexa9_0/include -MMD -MP -MF"src/MotorDriver/MotorDriver.d" -MT"src/MotorDriver/MotorDriver.o" -o "src/MotorDriver/MotorDriver.o" "../src/MotorDriver/MotorDriver.c"
../src/MotorDriver/MotorDriver.c: In function 'InitializeMotorDriver':
../src/MotorDriver/MotorDriver.c:50:1: error: expected expression before '}' token
 }
 ^
../src/MotorDriver/MotorDriver.c:23:11: warning: unused variable 'highTime' [-Wunused-variable]
  uint32_t highTime;
           ^~~~~~~~
../src/MotorDriver/MotorDriver.c:22:11: warning: variable 'period' set but not used [-Wunused-but-set-variable]
  uint32_t period;
           ^~~~~~
../src/MotorDriver/MotorDriver.c:50:1: warning: control reaches end of non-void function [-Wreturn-type]
 }
 ^
../src/MotorDriver/MotorDriver.c: In function 'DriveMotor':
../src/MotorDriver/MotorDriver.c:54:1: warning: control reaches end of non-void function [-Wreturn-type]
 }
 ^
make: *** [src/MotorDriver/MotorDriver.o] Error 1
19:29:41 **** Auto Build of configuration Debug for project motor_test ****
make pre-build main-build 
a9-linaro-pre-build-step
' '
'Building file: ../src/MotorDriver/MotorDriver.c'
'Invoking: ARM v7 gcc compiler'
arm-none-eabi-gcc -Wall -O0 -g3 -c -fmessage-length=0 -MT"src/MotorDriver/MotorDriver.o" -mcpu=cortex-a9 -mfpu=vfpv3 -mfloat-abi=hard -I../../motor_test_bsp/ps7_cortexa9_0/include -MMD -MP -MF"src/MotorDriver/MotorDriver.d" -MT"src/MotorDriver/MotorDriver.o" -o "src/MotorDriver/MotorDriver.o" "../src/MotorDriver/MotorDriver.c"
../src/MotorDriver/MotorDriver.c: In function 'InitializeMotorDriver':
../src/MotorDriver/MotorDriver.c:51:1: error: expected expression before '}' token
 }
 ^
../src/MotorDriver/MotorDriver.c:24:11: warning: unused variable 'highTime' [-Wunused-variable]
  uint32_t highTime;
           ^~~~~~~~
../src/MotorDriver/MotorDriver.c:23:11: warning: variable 'period' set but not used [-Wunused-but-set-variable]
  uint32_t period;
           ^~~~~~
../src/MotorDriver/MotorDriver.c:51:1: warning: control reaches end of non-void function [-Wreturn-type]
 }
 ^
../src/MotorDriver/MotorDriver.c: In function 'DriveMotor':
../src/MotorDriver/MotorDriver.c:55:1: warning: control reaches end of non-void function [-Wreturn-type]
 }
 ^
make: *** [src/MotorDriver/MotorDriver.o] Error 1
19:30:43 **** Auto Build of configuration Debug for project motor_test ****
make pre-build main-build 
a9-linaro-pre-build-step
' '
'Building file: ../src/MotorDriver/MotorDriver.c'
'Invoking: ARM v7 gcc compiler'
arm-none-eabi-gcc -Wall -O0 -g3 -c -fmessage-length=0 -MT"src/MotorDriver/MotorDriver.o" -mcpu=cortex-a9 -mfpu=vfpv3 -mfloat-abi=hard -I../../motor_test_bsp/ps7_cortexa9_0/include -MMD -MP -MF"src/MotorDriver/MotorDriver.d" -MT"src/MotorDriver/MotorDriver.o" -o "src/MotorDriver/MotorDriver.o" "../src/MotorDriver/MotorDriver.c"
../src/MotorDriver/MotorDriver.c: In function 'InitializeMotorDriver':
../src/MotorDriver/MotorDriver.c:56:1: error: expected expression before '}' token
 }
 ^
../src/MotorDriver/MotorDriver.c:29:11: warning: unused variable 'highTime' [-Wunused-variable]
  uint32_t highTime;
           ^~~~~~~~
../src/MotorDriver/MotorDriver.c:28:11: warning: variable 'period' set but not used [-Wunused-but-set-variable]
  uint32_t period;
           ^~~~~~
../src/MotorDriver/MotorDriver.c:56:1: warning: control reaches end of non-void function [-Wreturn-type]
 }
 ^
../src/MotorDriver/MotorDriver.c: In function 'DriveMotor':
../src/MotorDriver/MotorDriver.c:60:1: warning: control reaches end of non-void function [-Wreturn-type]
 }
 ^
make: *** [src/MotorDriver/MotorDriver.o] Error 1
19:31:04 **** Auto Build of configuration Debug for project motor_test ****
make pre-build main-build 
a9-linaro-pre-build-step
' '
'Building file: ../src/MotorDriver/MotorDriver.c'
'Invoking: ARM v7 gcc compiler'
arm-none-eabi-gcc -Wall -O0 -g3 -c -fmessage-length=0 -MT"src/MotorDriver/MotorDriver.o" -mcpu=cortex-a9 -mfpu=vfpv3 -mfloat-abi=hard -I../../motor_test_bsp/ps7_cortexa9_0/include -MMD -MP -MF"src/MotorDriver/MotorDriver.d" -MT"src/MotorDriver/MotorDriver.o" -o "src/MotorDriver/MotorDriver.o" "../src/MotorDriver/MotorDriver.c"
../src/MotorDriver/MotorDriver.c: In function 'InitializeMotorDriver':
../src/MotorDriver/MotorDriver.c:56:1: error: expected expression before '}' token
 }
 ^
../src/MotorDriver/MotorDriver.c:29:11: warning: unused variable 'highTime' [-Wunused-variable]
  uint32_t highTime;
           ^~~~~~~~
../src/MotorDriver/MotorDriver.c:28:11: warning: variable 'period' set but not used [-Wunused-but-set-variable]
  uint32_t period;
           ^~~~~~
../src/MotorDriver/MotorDriver.c:56:1: warning: control reaches end of non-void function [-Wreturn-type]
 }
 ^
../src/MotorDriver/MotorDriver.c: In function 'DriveMotor':
../src/MotorDriver/MotorDriver.c:60:1: warning: control reaches end of non-void function [-Wreturn-type]
 }
 ^
make: *** [src/MotorDriver/MotorDriver.o] Error 1
19:34:06 **** Auto Build of configuration Debug for project motor_test ****
make pre-build main-build 
a9-linaro-pre-build-step
' '
'Building file: ../src/MotorDriver/MotorDriver.c'
'Invoking: ARM v7 gcc compiler'
arm-none-eabi-gcc -Wall -O0 -g3 -c -fmessage-length=0 -MT"src/MotorDriver/MotorDriver.o" -mcpu=cortex-a9 -mfpu=vfpv3 -mfloat-abi=hard -I../../motor_test_bsp/ps7_cortexa9_0/include -MMD -MP -MF"src/MotorDriver/MotorDriver.d" -MT"src/MotorDriver/MotorDriver.o" -o "src/MotorDriver/MotorDriver.o" "../src/MotorDriver/MotorDriver.c"
../src/MotorDriver/MotorDriver.c: In function 'InitializeMotorDriver':
../src/MotorDriver/MotorDriver.c:56:1: error: expected ';' before '}' token
 }
 ^
../src/MotorDriver/MotorDriver.c:29:11: warning: unused variable 'highTime' [-Wunused-variable]
  uint32_t highTime;
           ^~~~~~~~
../src/MotorDriver/MotorDriver.c:28:11: warning: variable 'period' set but not used [-Wunused-but-set-variable]
  uint32_t period;
           ^~~~~~
../src/MotorDriver/MotorDriver.c:56:1: warning: control reaches end of non-void function [-Wreturn-type]
 }
 ^
../src/MotorDriver/MotorDriver.c: In function 'DriveMotor':
../src/MotorDriver/MotorDriver.c:60:1: warning: control reaches end of non-void function [-Wreturn-type]
 }
 ^
make: *** [src/MotorDriver/MotorDriver.o] Error 1
19:34:09 **** Auto Build of configuration Debug for project motor_test ****
make pre-build main-build 
a9-linaro-pre-build-step
' '
'Building file: ../src/MotorDriver/MotorDriver.c'
'Invoking: ARM v7 gcc compiler'
arm-none-eabi-gcc -Wall -O0 -g3 -c -fmessage-length=0 -MT"src/MotorDriver/MotorDriver.o" -mcpu=cortex-a9 -mfpu=vfpv3 -mfloat-abi=hard -I../../motor_test_bsp/ps7_cortexa9_0/include -MMD -MP -MF"src/MotorDriver/MotorDriver.d" -MT"src/MotorDriver/MotorDriver.o" -o "src/MotorDriver/MotorDriver.o" "../src/MotorDriver/MotorDriver.c"
../src/MotorDriver/MotorDriver.c: In function 'InitializeMotorDriver':
../src/MotorDriver/MotorDriver.c:56:1: error: expected ';' before '}' token
 }
 ^
../src/MotorDriver/MotorDriver.c:29:11: warning: unused variable 'highTime' [-Wunused-variable]
  uint32_t highTime;
           ^~~~~~~~
../src/MotorDriver/MotorDriver.c:28:11: warning: variable 'period' set but not used [-Wunused-but-set-variable]
  uint32_t period;
           ^~~~~~
../src/MotorDriver/MotorDriver.c:56:1: warning: control reaches end of non-void function [-Wreturn-type]
 }
 ^
../src/MotorDriver/MotorDriver.c: In function 'DriveMotor':
../src/MotorDriver/MotorDriver.c:60:1: warning: control reaches end of non-void function [-Wreturn-type]
 }
 ^
[...]
  DriveMotor(dutyCycle);
  ^~~~~~~~~~
  DriveCrane
../src/CraneDriver/CraneDriver.c:37:1: warning: control reaches end of non-void function [-Wreturn-type]
 }
 ^
'Finished building: ../src/CraneDriver/CraneDriver.c'
' '
'Building target: motor_test.elf'
'Invoking: ARM v7 gcc linker'
arm-none-eabi-gcc -mcpu=cortex-a9 -mfpu=vfpv3 -mfloat-abi=hard -Wl,-build-id=none -specs=Xilinx.spec -Wl,-T -Wl,../src/lscript.ld -L../../motor_test_bsp/ps7_cortexa9_0/lib -o "motor_test.elf"  ./src/MotorDriver/MotorDriver.o  ./src/CraneDriver/CraneDriver.o  ./src/test.o   -Wl,--start-group,-lxil,-lgcc,-lc,--end-group
'Finished building target: motor_test.elf'
' '
'Invoking: ARM v7 Print Size'
arm-none-eabi-size motor_test.elf  |tee "motor_test.elf.size"
   text	   data	    bss	    dec	    hex	filename
  26208	   1168	  22648	  50024	   c368	motor_test.elf
'Finished building: motor_test.elf.size'
' '
14:40:54 **** Auto Build of configuration Debug for project motor_test ****
make pre-build main-build 
a9-linaro-pre-build-step
' '
'Building file: ../src/CraneDriver/CraneDriver.c'
'Invoking: ARM v7 gcc compiler'
arm-none-eabi-gcc -Wall -O0 -g3 -c -fmessage-length=0 -MT"src/CraneDriver/CraneDriver.o" -mcpu=cortex-a9 -mfpu=vfpv3 -mfloat-abi=hard -I../../motor_test_bsp/ps7_cortexa9_0/include -MMD -MP -MF"src/CraneDriver/CraneDriver.d" -MT"src/CraneDriver/CraneDriver.o" -o "src/CraneDriver/CraneDriver.o" "../src/CraneDriver/CraneDriver.c"
../src/CraneDriver/CraneDriver.c: In function 'InitializeCraneDriver':
../src/CraneDriver/CraneDriver.c:23:9: warning: implicit declaration of function 'InitializeMotorDriver'; did you mean 'InitializeCraneDriver'? [-Wimplicit-function-declaration]
  return InitializeMotorDriver(DefaultDutyCycle, DefaultFrequency);
         ^~~~~~~~~~~~~~~~~~~~~
         InitializeCraneDriver
../src/CraneDriver/CraneDriver.c: In function 'DriveCrane':
../src/CraneDriver/CraneDriver.c:36:9: warning: implicit declaration of function 'DriveMotor'; did you mean 'DriveCrane'? [-Wimplicit-function-declaration]
  return DriveMotor(dutyCycle);
         ^~~~~~~~~~
         DriveCrane
'Finished building: ../src/CraneDriver/CraneDriver.c'
' '
'Building target: motor_test.elf'
'Invoking: ARM v7 gcc linker'
arm-none-eabi-gcc -mcpu=cortex-a9 -mfpu=vfpv3 -mfloat-abi=hard -Wl,-build-id=none -specs=Xilinx.spec -Wl,-T -Wl,../src/lscript.ld -L../../motor_test_bsp/ps7_cortexa9_0/lib -o "motor_test.elf"  ./src/MotorDriver/MotorDriver.o  ./src/CraneDriver/CraneDriver.o  ./src/test.o   -Wl,--start-group,-lxil,-lgcc,-lc,--end-group
'Finished building target: motor_test.elf'
' '
'Invoking: ARM v7 Print Size'
arm-none-eabi-size motor_test.elf  |tee "motor_test.elf.size"
   text	   data	    bss	    dec	    hex	filename
  26272	   1168	  22648	  50088	   c3a8	motor_test.elf
'Finished building: motor_test.elf.size'
' '
14:41:15 **** Auto Build of configuration Debug for project motor_test ****
make pre-build main-build 
a9-linaro-pre-build-step
' '
'Building file: ../src/test.c'
'Invoking: ARM v7 gcc compiler'
arm-none-eabi-gcc -Wall -O0 -g3 -c -fmessage-length=0 -MT"src/test.o" -mcpu=cortex-a9 -mfpu=vfpv3 -mfloat-abi=hard -I../../motor_test_bsp/ps7_cortexa9_0/include -MMD -MP -MF"src/test.d" -MT"src/test.o" -o "src/test.o" "../src/test.c"
../src/test.c: In function 'main':
../src/test.c:80:2: warning: implicit declaration of function 'InitializeCraneDriver'; did you mean 'InitializeMotorDriver'? [-Wimplicit-function-declaration]
  InitializeCraneDriver();
  ^~~~~~~~~~~~~~~~~~~~~
  InitializeMotorDriver
../src/test.c:83:3: warning: implicit declaration of function 'sleep'; did you mean 'strsep'? [-Wimplicit-function-declaration]
   sleep(1);
   ^~~~~
   strsep
../src/test.c:78:6: warning: unused variable 'Status' [-Wunused-variable]
  int Status;
      ^~~~~~
../src/test.c: In function 'TmrCtrPwmExample':
../src/test.c:120:6: warning: variable 'Div' set but not used [-Wunused-but-set-variable]
  u8  Div;
      ^~~
'Finished building: ../src/test.c'
' '
'Building target: motor_test.elf'
'Invoking: ARM v7 gcc linker'
arm-none-eabi-gcc -mcpu=cortex-a9 -mfpu=vfpv3 -mfloat-abi=hard -Wl,-build-id=none -specs=Xilinx.spec -Wl,-T -Wl,../src/lscript.ld -L../../motor_test_bsp/ps7_cortexa9_0/lib -o "motor_test.elf"  ./src/MotorDriver/MotorDriver.o  ./src/CraneDriver/CraneDriver.o  ./src/test.o   -Wl,--start-group,-lxil,-lgcc,-lc,--end-group
'Finished building target: motor_test.elf'
' '
'Invoking: ARM v7 Print Size'
arm-none-eabi-size motor_test.elf  |tee "motor_test.elf.size"
   text	   data	    bss	    dec	    hex	filename
  26208	   1168	  22648	  50024	   c368	motor_test.elf
'Finished building: motor_test.elf.size'
' '
14:41:28 **** Auto Build of configuration Debug for project motor_test ****
make pre-build main-build 
a9-linaro-pre-build-step
' '
'Building file: ../src/test.c'
'Invoking: ARM v7 gcc compiler'
arm-none-eabi-gcc -Wall -O0 -g3 -c -fmessage-length=0 -MT"src/test.o" -mcpu=cortex-a9 -mfpu=vfpv3 -mfloat-abi=hard -I../../motor_test_bsp/ps7_cortexa9_0/include -MMD -MP -MF"src/test.d" -MT"src/test.o" -o "src/test.o" "../src/test.c"
../src/test.c: In function 'main':
../src/test.c:80:2: warning: implicit declaration of function 'InitializeCraneDriver'; did you mean 'InitializeMotorDriver'? [-Wimplicit-function-declaration]
  InitializeCraneDriver();
  ^~~~~~~~~~~~~~~~~~~~~
  InitializeMotorDriver
../src/test.c:83:3: warning: implicit declaration of function 'sleep'; did you mean 'strsep'? [-Wimplicit-function-declaration]
   sleep(1);
   ^~~~~
   strsep
../src/test.c:84:3: warning: implicit declaration of function 'DriveCrane'; did you mean 'DriveMotor'? [-Wimplicit-function-declaration]
   DriveCrane(DriveLeft, 100);
   ^~~~~~~~~~
   DriveMotor
../src/test.c:84:14: error: 'DriveLeft' undeclared (first use in this function); did you mean 'DriveMotor'?
   DriveCrane(DriveLeft, 100);
              ^~~~~~~~~
              DriveMotor
../src/test.c:84:14: note: each undeclared identifier is reported only once for each function it appears in
../src/test.c:78:6: warning: unused variable 'Status' [-Wunused-variable]
  int Status;
      ^~~~~~
../src/test.c: In function 'TmrCtrPwmExample':
../src/test.c:120:6: warning: variable 'Div' set but not used [-Wunused-but-set-variable]
  u8  Div;
      ^~~
make: *** [src/test.o] Error 1
14:41:36 **** Auto Build of configuration Debug for project motor_test ****
make pre-build main-build 
a9-linaro-pre-build-step
' '
'Building file: ../src/test.c'
'Invoking: ARM v7 gcc compiler'
arm-none-eabi-gcc -Wall -O0 -g3 -c -fmessage-length=0 -MT"src/test.o" -mcpu=cortex-a9 -mfpu=vfpv3 -mfloat-abi=hard -I../../motor_test_bsp/ps7_cortexa9_0/include -MMD -MP -MF"src/test.d" -MT"src/test.o" -o "src/test.o" "../src/test.c"
../src/test.c: In function 'main':
../src/test.c:80:2: warning: implicit declaration of function 'InitializeCraneDriver'; did you mean 'InitializeMotorDriver'? [-Wimplicit-function-declaration]
  InitializeCraneDriver();
  ^~~~~~~~~~~~~~~~~~~~~
  InitializeMotorDriver
../src/test.c:83:3: warning: implicit declaration of function 'sleep'; did you mean 'strsep'? [-Wimplicit-function-declaration]
   sleep(1);
   ^~~~~
   strsep
../src/test.c:84:3: warning: implicit declaration of function 'DriveCrane'; did you mean 'DriveMotor'? [-Wimplicit-function-declaration]
   DriveCrane(DriveLeft, 100);
   ^~~~~~~~~~
   DriveMotor
../src/test.c:84:14: error: 'DriveLeft' undeclared (first use in this function); did you mean 'DriveMotor'?
   DriveCrane(DriveLeft, 100);
              ^~~~~~~~~
              DriveMotor
../src/test.c:84:14: note: each undeclared identifier is reported only once for each function it appears in
../src/test.c:86:14: error: 'DriveRight' undeclared (first use in this function); did you mean 'DriveLeft'?
   DriveCrane(DriveRight, 100.0);
              ^~~~~~~~~~
              DriveLeft
../src/test.c:78:6: warning: unused variable 'Status' [-Wunused-variable]
  int Status;
      ^~~~~~
../src/test.c: In function 'TmrCtrPwmExample':
../src/test.c:120:6: warning: variable 'Div' set but not used [-Wunused-but-set-variable]
  u8  Div;
      ^~~
make: *** [src/test.o] Error 1
14:41:51 **** Auto Build of configuration Debug for project motor_test ****
make pre-build main-build 
a9-linaro-pre-build-step
' '
'Building file: ../src/test.c'
'Invoking: ARM v7 gcc compiler'
arm-none-eabi-gcc -Wall -O0 -g3 -c -fmessage-length=0 -MT"src/test.o" -mcpu=cortex-a9 -mfpu=vfpv3 -mfloat-abi=hard -I../../motor_test_bsp/ps7_cortexa9_0/include -MMD -MP -MF"src/test.d" -MT"src/test.o" -o "src/test.o" "../src/test.c"
../src/test.c: In function 'main':
../src/test.c:81:2: warning: implicit declaration of function 'InitializeCraneDriver'; did you mean 'InitializeMotorDriver'? [-Wimplicit-function-declaration]
  InitializeCraneDriver();
  ^~~~~~~~~~~~~~~~~~~~~
  InitializeMotorDriver
../src/test.c:84:3: warning: implicit declaration of function 'sleep'; did you mean 'strsep'? [-Wimplicit-function-declaration]
   sleep(1);
   ^~~~~
   strsep
../src/test.c:85:3: warning: implicit declaration of function 'DriveCrane'; did you mean 'DriveMotor'? [-Wimplicit-function-declaration]
   DriveCrane(DriveLeft, 100);
   ^~~~~~~~~~
   DriveMotor
../src/test.c:85:14: error: 'DriveLeft' undeclared (first use in this function); did you mean 'DriveMotor'?
   DriveCrane(DriveLeft, 100);
              ^~~~~~~~~
              DriveMotor
../src/test.c:85:14: note: each undeclared identifier is reported only once for each function it appears in
../src/test.c:87:14: error: 'DriveRight' undeclared (first use in this function); did you mean 'DriveLeft'?
   DriveCrane(DriveRight, 100.0);
              ^~~~~~~~~~
              DriveLeft
../src/test.c:79:6: warning: unused variable 'Status' [-Wunused-variable]
  int Status;
      ^~~~~~
../src/test.c: In function 'TmrCtrPwmExample':
../src/test.c:121:6: warning: variable 'Div' set but not used [-Wunused-but-set-variable]
  u8  Div;
      ^~~
make: *** [src/test.o] Error 1
14:42:33 **** Auto Build of configuration Debug for project motor_test ****
make pre-build main-build 
a9-linaro-pre-build-step
' '
'Building file: ../src/test.c'
'Invoking: ARM v7 gcc compiler'
arm-none-eabi-gcc -Wall -O0 -g3 -c -fmessage-length=0 -MT"src/test.o" -mcpu=cortex-a9 -mfpu=vfpv3 -mfloat-abi=hard -I../../motor_test_bsp/ps7_cortexa9_0/include -MMD -MP -MF"src/test.d" -MT"src/test.o" -o "src/test.o" "../src/test.c"
../src/test.c: In function 'main':
../src/test.c:83:3: warning: implicit declaration of function 'sleep'; did you mean 'strsep'? [-Wimplicit-function-declaration]
   sleep(1);
   ^~~~~
   strsep
../src/test.c:78:6: warning: unused variable 'Status' [-Wunused-variable]
  int Status;
      ^~~~~~
../src/test.c: In function 'TmrCtrPwmExample':
../src/test.c:120:6: warning: variable 'Div' set but not used [-Wunused-but-set-variable]
  u8  Div;
      ^~~
'Finished building: ../src/test.c'
' '
'Building target: motor_test.elf'
'Invoking: ARM v7 gcc linker'
arm-none-eabi-gcc -mcpu=cortex-a9 -mfpu=vfpv3 -mfloat-abi=hard -Wl,-build-id=none -specs=Xilinx.spec -Wl,-T -Wl,../src/lscript.ld -L../../motor_test_bsp/ps7_cortexa9_0/lib -o "motor_test.elf"  ./src/MotorDriver/MotorDriver.o  ./src/CraneDriver/CraneDriver.o  ./src/test.o   -Wl,--start-group,-lxil,-lgcc,-lc,--end-group
'Finished building target: motor_test.elf'
' '
'Invoking: ARM v7 Print Size'
arm-none-eabi-size motor_test.elf  |tee "motor_test.elf.size"
   text	   data	    bss	    dec	    hex	filename
  26208	   1168	  22648	  50024	   c368	motor_test.elf
'Finished building: motor_test.elf.size'
' '
14:42:42 **** Incremental Build of configuration Debug for project motor_test ****
make pre-build main-build 
a9-linaro-pre-build-step
' '
make: Nothing to be done for `main-build'.
14:43:01 **** Incremental Build of configuration Debug for project motor_test ****
make pre-build main-build 
a9-linaro-pre-build-step
' '
make: Nothing to be done for `main-build'.
14:43:32 **** Auto Build of configuration Debug for project motor_test ****
make pre-build main-build 
a9-linaro-pre-build-step
' '
'Building file: ../src/CraneDriver/CraneDriver.c'
'Invoking: ARM v7 gcc compiler'
arm-none-eabi-gcc -Wall -O0 -g3 -c -fmessage-length=0 -MT"src/CraneDriver/CraneDriver.o" -mcpu=cortex-a9 -mfpu=vfpv3 -mfloat-abi=hard -I../../motor_test_bsp/ps7_cortexa9_0/include -MMD -MP -MF"src/CraneDriver/CraneDriver.d" -MT"src/CraneDriver/CraneDriver.o" -o "src/CraneDriver/CraneDriver.o" "../src/CraneDriver/CraneDriver.c"
../src/CraneDriver/CraneDriver.c: In function 'InitializeCraneDriver':
../src/CraneDriver/CraneDriver.c:23:9: warning: implicit declaration of function 'InitializeMotorDriver'; did you mean 'InitializeCraneDriver'? [-Wimplicit-function-declaration]
  return InitializeMotorDriver(DefaultDutyCycle, DefaultFrequency);
         ^~~~~~~~~~~~~~~~~~~~~
         InitializeCraneDriver
../src/CraneDriver/CraneDriver.c: In function 'DriveCrane':
../src/CraneDriver/CraneDriver.c:36:9: warning: implicit declaration of function 'DriveMotor'; did you mean 'DriveCrane'? [-Wimplicit-function-declaration]
  return DriveMotor(dutyCycle);
         ^~~~~~~~~~
         DriveCrane
'Finished building: ../src/CraneDriver/CraneDriver.c'
' '
'Building target: motor_test.elf'
'Invoking: ARM v7 gcc linker'
arm-none-eabi-gcc -mcpu=cortex-a9 -mfpu=vfpv3 -mfloat-abi=hard -Wl,-build-id=none -specs=Xilinx.spec -Wl,-T -Wl,../src/lscript.ld -L../../motor_test_bsp/ps7_cortexa9_0/lib -o "motor_test.elf"  ./src/MotorDriver/MotorDriver.o  ./src/CraneDriver/CraneDriver.o  ./src/test.o   -Wl,--start-group,-lxil,-lgcc,-lc,--end-group
'Finished building target: motor_test.elf'
' '
'Invoking: ARM v7 Print Size'
arm-none-eabi-size motor_test.elf  |tee "motor_test.elf.size"
   text	   data	    bss	    dec	    hex	filename
  26272	   1168	  22648	  50088	   c3a8	motor_test.elf
'Finished building: motor_test.elf.size'
' '
14:43:35 **** Auto Build of configuration Debug for project motor_test ****
make pre-build main-build 
a9-linaro-pre-build-step
' '
'Building file: ../src/CraneDriver/CraneDriver.c'
'Invoking: ARM v7 gcc compiler'
arm-none-eabi-gcc -Wall -O0 -g3 -c -fmessage-length=0 -MT"src/CraneDriver/CraneDriver.o" -mcpu=cortex-a9 -mfpu=vfpv3 -mfloat-abi=hard -I../../motor_test_bsp/ps7_cortexa9_0/include -MMD -MP -MF"src/CraneDriver/CraneDriver.d" -MT"src/CraneDriver/CraneDriver.o" -o "src/CraneDriver/CraneDriver.o" "../src/CraneDriver/CraneDriver.c"
../src/CraneDriver/CraneDriver.c: In function 'InitializeCraneDriver':
../src/CraneDriver/CraneDriver.c:23:9: warning: implicit declaration of function 'InitializeMotorDriver'; did you mean 'InitializeCraneDriver'? [-Wimplicit-function-declaration]
  return InitializeMotorDriver(DefaultDutyCycle, DefaultFrequency);
         ^~~~~~~~~~~~~~~~~~~~~
         InitializeCraneDriver
../src/CraneDriver/CraneDriver.c: In function 'DriveCrane':
../src/CraneDriver/CraneDriver.c:36:9: warning: implicit declaration of function 'DriveMotor'; did you mean 'DriveCrane'? [-Wimplicit-function-declaration]
  return DriveMotor(dutyCycle);
         ^~~~~~~~~~
         DriveCrane
'Finished building: ../src/CraneDriver/CraneDriver.c'
' '
'Building target: motor_test.elf'
'Invoking: ARM v7 gcc linker'
arm-none-eabi-gcc -mcpu=cortex-a9 -mfpu=vfpv3 -mfloat-abi=hard -Wl,-build-id=none -specs=Xilinx.spec -Wl,-T -Wl,../src/lscript.ld -L../../motor_test_bsp/ps7_cortexa9_0/lib -o "motor_test.elf"  ./src/MotorDriver/MotorDriver.o  ./src/CraneDriver/CraneDriver.o  ./src/test.o   -Wl,--start-group,-lxil,-lgcc,-lc,--end-group
'Finished building target: motor_test.elf'
' '
'Invoking: ARM v7 Print Size'
arm-none-eabi-size motor_test.elf  |tee "motor_test.elf.size"
   text	   data	    bss	    dec	    hex	filename
  26272	   1168	  22648	  50088	   c3a8	motor_test.elf
'Finished building: motor_test.elf.size'
' '
14:43:40 **** Incremental Build of configuration Debug for project motor_test ****
make pre-build main-build 
a9-linaro-pre-build-step
' '
make: Nothing to be done for `main-build'.
14:43:57 **** Incremental Build of configuration Debug for project motor_test ****
make pre-build main-build 
a9-linaro-pre-build-step
' '
make: Nothing to be done for `main-build'.
14:45:40 **** Incremental Build of configuration Debug for project motor_test ****
make pre-build main-build 
a9-linaro-pre-build-step
' '
'Building file: ../src/test.c'
'Invoking: ARM v7 gcc compiler'
arm-none-eabi-gcc -Wall -O0 -g3 -c -fmessage-length=0 -MT"src/test.o" -mcpu=cortex-a9 -mfpu=vfpv3 -mfloat-abi=hard -I../../motor_test_bsp/ps7_cortexa9_0/include -MMD -MP -MF"src/test.d" -MT"src/test.o" -o "src/test.o" "../src/test.c"
../src/test.c: In function 'main':
../src/test.c:83:3: warning: implicit declaration of function 'sleep'; did you mean 'strsep'? [-Wimplicit-function-declaration]
   sleep(1);
   ^~~~~
   strsep
../src/test.c:78:6: warning: unused variable 'Status' [-Wunused-variable]
  int Status;
      ^~~~~~
../src/test.c: In function 'TmrCtrPwmExample':
../src/test.c:120:6: warning: variable 'Div' set but not used [-Wunused-but-set-variable]
  u8  Div;
      ^~~
'Finished building: ../src/test.c'
' '
'Building target: motor_test.elf'
'Invoking: ARM v7 gcc linker'
arm-none-eabi-gcc -mcpu=cortex-a9 -mfpu=vfpv3 -mfloat-abi=hard -Wl,-build-id=none -specs=Xilinx.spec -Wl,-T -Wl,../src/lscript.ld -L../../motor_test_bsp/ps7_cortexa9_0/lib -o "motor_test.elf"  ./src/MotorDriver/MotorDriver.o  ./src/CraneDriver/CraneDriver.o  ./src/test.o   -Wl,--start-group,-lxil,-lgcc,-lc,--end-group
'Finished building target: motor_test.elf'
' '
'Invoking: ARM v7 Print Size'
arm-none-eabi-size motor_test.elf  |tee "motor_test.elf.size"
   text	   data	    bss	    dec	    hex	filename
  26272	   1168	  22648	  50088	   c3a8	motor_test.elf
'Finished building: motor_test.elf.size'
' '
14:46:09 **** Incremental Build of configuration Debug for project motor_test ****
make pre-build main-build 
a9-linaro-pre-build-step
' '
make: Nothing to be done for `main-build'.
14:46:27 **** Incremental Build of configuration Debug for project motor_test ****
make pre-build main-build 
a9-linaro-pre-build-step
' '
make: Nothing to be done for `main-build'.
14:48:32 **** Incremental Build of configuration Debug for project motor_test ****
make pre-build main-build 
a9-linaro-pre-build-step
' '
'Building file: ../src/test.c'
'Invoking: ARM v7 gcc compiler'
arm-none-eabi-gcc -Wall -O0 -g3 -c -fmessage-length=0 -MT"src/test.o" -mcpu=cortex-a9 -mfpu=vfpv3 -mfloat-abi=hard -I../../motor_test_bsp/ps7_cortexa9_0/include -MMD -MP -MF"src/test.d" -MT"src/test.o" -o "src/test.o" "../src/test.c"
../src/test.c: In function 'main':
../src/test.c:83:3: warning: implicit declaration of function 'sleep'; did you mean 'strsep'? [-Wimplicit-function-declaration]
   sleep(10);
   ^~~~~
   strsep
../src/test.c:78:6: warning: unused variable 'Status' [-Wunused-variable]
  int Status;
      ^~~~~~
../src/test.c: In function 'TmrCtrPwmExample':
../src/test.c:120:6: warning: variable 'Div' set but not used [-Wunused-but-set-variable]
  u8  Div;
      ^~~
'Finished building: ../src/test.c'
' '
'Building target: motor_test.elf'
'Invoking: ARM v7 gcc linker'
arm-none-eabi-gcc -mcpu=cortex-a9 -mfpu=vfpv3 -mfloat-abi=hard -Wl,-build-id=none -specs=Xilinx.spec -Wl,-T -Wl,../src/lscript.ld -L../../motor_test_bsp/ps7_cortexa9_0/lib -o "motor_test.elf"  ./src/MotorDriver/MotorDriver.o  ./src/CraneDriver/CraneDriver.o  ./src/test.o   -Wl,--start-group,-lxil,-lgcc,-lc,--end-group
'Finished building target: motor_test.elf'
' '
'Invoking: ARM v7 Print Size'
arm-none-eabi-size motor_test.elf  |tee "motor_test.elf.size"
   text	   data	    bss	    dec	    hex	filename
  26272	   1168	  22648	  50088	   c3a8	motor_test.elf
'Finished building: motor_test.elf.size'
' '
14:48:51 **** Incremental Build of configuration Debug for project motor_test ****
make pre-build main-build 
a9-linaro-pre-build-step
' '
make: Nothing to be done for `main-build'.
