15:25:43 **** Incremental Build of configuration Debug for project motor_test ****
make pre-build main-build 
a9-linaro-pre-build-step
' '
'Building file: ../src/test.c'
'Invoking: ARM v7 gcc compiler'
arm-none-eabi-gcc -Wall -O0 -g3 -c -fmessage-length=0 -MT"src/test.o" -mcpu=cortex-a9 -mfpu=vfpv3 -mfloat-abi=hard -I../../motor_test_bsp/ps7_cortexa9_0/include -MMD -MP -MF"src/test.d" -MT"src/test.o" -o "src/test.o" "../src/test.c"
../src/test.c: In function 'TmrCtrPwmExample':
../src/test.c:143:2: warning: implicit declaration of function 'XTmrCtr_PwmDisable'; did you mean 'XTmrCtr_Disable'? [-Wimplicit-function-declaration]
  XTmrCtr_PwmDisable(TmrCtrInstancePtr);
  ^~~~~~~~~~~~~~~~~~
  XTmrCtr_Disable
../src/test.c:148:14: warning: implicit declaration of function 'XTmrCtr_PwmConfigure'; did you mean 'XTmrCtr_LookupConfig'? [-Wimplicit-function-declaration]
  DutyCycle = XTmrCtr_PwmConfigure(TmrCtrInstancePtr, Period, HighTime);
              ^~~~~~~~~~~~~~~~~~~~
              XTmrCtr_LookupConfig
../src/test.c:153:2: warning: implicit declaration of function 'XTmrCtr_PwmEnable'; did you mean 'XTmrCtr_Enable'? [-Wimplicit-function-declaration]
  XTmrCtr_PwmEnable(TmrCtrInstancePtr);
  ^~~~~~~~~~~~~~~~~
  XTmrCtr_Enable
../src/test.c:109:6: warning: variable 'Div' set but not used [-Wunused-but-set-variable]
  u8  Div;
      ^~~
'Finished building: ../src/test.c'
' '
'Building target: motor_test.elf'
'Invoking: ARM v7 gcc linker'
arm-none-eabi-gcc -mcpu=cortex-a9 -mfpu=vfpv3 -mfloat-abi=hard -Wl,-build-id=none -specs=Xilinx.spec -Wl,-T -Wl,../src/lscript.ld -L../../motor_test_bsp/ps7_cortexa9_0/lib -o "motor_test.elf"  ./src/test.o   -Wl,--start-group,-lxil,-lgcc,-lc,--end-group
'Finished building target: motor_test.elf'
' '
'Invoking: ARM v7 Print Size'
arm-none-eabi-size motor_test.elf  |tee "motor_test.elf.size"
   text	   data	    bss	    dec	    hex	filename
  25636	   1168	  22632	  49436	   c11c	motor_test.elf
'Finished building: motor_test.elf.size'
' '

15:25:45 Build Finished (took 2s.105ms)

